Archive member included to satisfy reference by file (symbol)

/usr/lib/gcc/arm-none-eabi/14.2.0/../../../../arm-none-eabi/lib/thumb/v7e-m+fp/hard/libc_nano.a(libc_a-atexit.o)
                              /usr/lib/gcc/arm-none-eabi/14.2.0/../../../../arm-none-eabi/lib/thumb/v7e-m+fp/hard/crt0.o (atexit)
/usr/lib/gcc/arm-none-eabi/14.2.0/../../../../arm-none-eabi/lib/thumb/v7e-m+fp/hard/libc_nano.a(libc_a-exit.o)
                              /usr/lib/gcc/arm-none-eabi/14.2.0/../../../../arm-none-eabi/lib/thumb/v7e-m+fp/hard/crt0.o (exit)
/usr/lib/gcc/arm-none-eabi/14.2.0/../../../../arm-none-eabi/lib/thumb/v7e-m+fp/hard/libc_nano.a(libc_a-findfp.o)
                              /usr/lib/gcc/arm-none-eabi/14.2.0/../../../../arm-none-eabi/lib/thumb/v7e-m+fp/hard/libc_nano.a(libc_a-exit.o) (__stdio_exit_handler)
/usr/lib/gcc/arm-none-eabi/14.2.0/../../../../arm-none-eabi/lib/thumb/v7e-m+fp/hard/libc_nano.a(libc_a-fwalk.o)
                              /usr/lib/gcc/arm-none-eabi/14.2.0/../../../../arm-none-eabi/lib/thumb/v7e-m+fp/hard/libc_nano.a(libc_a-findfp.o) (_fwalk_sglue)
/usr/lib/gcc/arm-none-eabi/14.2.0/../../../../arm-none-eabi/lib/thumb/v7e-m+fp/hard/libc_nano.a(libc_a-stdio.o)
                              /usr/lib/gcc/arm-none-eabi/14.2.0/../../../../arm-none-eabi/lib/thumb/v7e-m+fp/hard/libc_nano.a(libc_a-findfp.o) (__sread)
/usr/lib/gcc/arm-none-eabi/14.2.0/../../../../arm-none-eabi/lib/thumb/v7e-m+fp/hard/libc_nano.a(libc_a-memset.o)
                              /usr/lib/gcc/arm-none-eabi/14.2.0/../../../../arm-none-eabi/lib/thumb/v7e-m+fp/hard/crt0.o (memset)
/usr/lib/gcc/arm-none-eabi/14.2.0/../../../../arm-none-eabi/lib/thumb/v7e-m+fp/hard/libc_nano.a(libc_a-closer.o)
                              /usr/lib/gcc/arm-none-eabi/14.2.0/../../../../arm-none-eabi/lib/thumb/v7e-m+fp/hard/libc_nano.a(libc_a-stdio.o) (_close_r)
/usr/lib/gcc/arm-none-eabi/14.2.0/../../../../arm-none-eabi/lib/thumb/v7e-m+fp/hard/libc_nano.a(libc_a-reent.o)
                              /usr/lib/gcc/arm-none-eabi/14.2.0/../../../../arm-none-eabi/lib/thumb/v7e-m+fp/hard/libc_nano.a(libc_a-closer.o) (errno)
/usr/lib/gcc/arm-none-eabi/14.2.0/../../../../arm-none-eabi/lib/thumb/v7e-m+fp/hard/libc_nano.a(libc_a-impure.o)
                              /usr/lib/gcc/arm-none-eabi/14.2.0/../../../../arm-none-eabi/lib/thumb/v7e-m+fp/hard/libc_nano.a(libc_a-reent.o) (_impure_ptr)
/usr/lib/gcc/arm-none-eabi/14.2.0/../../../../arm-none-eabi/lib/thumb/v7e-m+fp/hard/libc_nano.a(libc_a-lseekr.o)
                              /usr/lib/gcc/arm-none-eabi/14.2.0/../../../../arm-none-eabi/lib/thumb/v7e-m+fp/hard/libc_nano.a(libc_a-stdio.o) (_lseek_r)
/usr/lib/gcc/arm-none-eabi/14.2.0/../../../../arm-none-eabi/lib/thumb/v7e-m+fp/hard/libc_nano.a(libc_a-readr.o)
                              /usr/lib/gcc/arm-none-eabi/14.2.0/../../../../arm-none-eabi/lib/thumb/v7e-m+fp/hard/libc_nano.a(libc_a-stdio.o) (_read_r)
/usr/lib/gcc/arm-none-eabi/14.2.0/../../../../arm-none-eabi/lib/thumb/v7e-m+fp/hard/libc_nano.a(libc_a-writer.o)
                              /usr/lib/gcc/arm-none-eabi/14.2.0/../../../../arm-none-eabi/lib/thumb/v7e-m+fp/hard/libc_nano.a(libc_a-stdio.o) (_write_r)
/usr/lib/gcc/arm-none-eabi/14.2.0/../../../../arm-none-eabi/lib/thumb/v7e-m+fp/hard/libc_nano.a(libc_a-errno.o)
                              build/sysmem.o (__errno)
/usr/lib/gcc/arm-none-eabi/14.2.0/../../../../arm-none-eabi/lib/thumb/v7e-m+fp/hard/libc_nano.a(libc_a-init.o)
                              /usr/lib/gcc/arm-none-eabi/14.2.0/../../../../arm-none-eabi/lib/thumb/v7e-m+fp/hard/crt0.o (__libc_init_array)
/usr/lib/gcc/arm-none-eabi/14.2.0/../../../../arm-none-eabi/lib/thumb/v7e-m+fp/hard/libc_nano.a(libc_a-fini.o)
                              /usr/lib/gcc/arm-none-eabi/14.2.0/../../../../arm-none-eabi/lib/thumb/v7e-m+fp/hard/crt0.o (__libc_fini_array)
/usr/lib/gcc/arm-none-eabi/14.2.0/../../../../arm-none-eabi/lib/thumb/v7e-m+fp/hard/libc_nano.a(libc_a-lock.o)
                              /usr/lib/gcc/arm-none-eabi/14.2.0/../../../../arm-none-eabi/lib/thumb/v7e-m+fp/hard/libc_nano.a(libc_a-findfp.o) (__retarget_lock_init_recursive)
/usr/lib/gcc/arm-none-eabi/14.2.0/../../../../arm-none-eabi/lib/thumb/v7e-m+fp/hard/libc_nano.a(libc_a-__atexit.o)
                              /usr/lib/gcc/arm-none-eabi/14.2.0/../../../../arm-none-eabi/lib/thumb/v7e-m+fp/hard/libc_nano.a(libc_a-atexit.o) (__register_exitproc)
/usr/lib/gcc/arm-none-eabi/14.2.0/../../../../arm-none-eabi/lib/thumb/v7e-m+fp/hard/libc_nano.a(libc_a-__call_atexit.o)
                              /usr/lib/gcc/arm-none-eabi/14.2.0/../../../../arm-none-eabi/lib/thumb/v7e-m+fp/hard/libc_nano.a(libc_a-__atexit.o) (__call_exitprocs)
/usr/lib/gcc/arm-none-eabi/14.2.0/../../../../arm-none-eabi/lib/thumb/v7e-m+fp/hard/libc_nano.a(libc_a-freer.o)
                              /usr/lib/gcc/arm-none-eabi/14.2.0/../../../../arm-none-eabi/lib/thumb/v7e-m+fp/hard/libc_nano.a(libc_a-reent.o) (_free_r)
[...]
Memory Configuration

Name             Origin             Length             Attributes
RAM              0x20000000         0x00030000         xrw
CCMRAM           0x10000000         0x00010000         xrw
FLASH            0x08000000         0x00200000         xr
*default*        0x00000000         0xffffffff

Linker script and memory map

LOAD /usr/lib/gcc/arm-none-eabi/14.2.0/thumb/v7e-m+fp/hard/crti.o
LOAD /usr/lib/gcc/arm-none-eabi/14.2.0/thumb/v7e-m+fp/hard/crtbegin.o
LOAD /usr/lib/gcc/arm-none-eabi/14.2.0/../../../../arm-none-eabi/lib/thumb/v7e-m+fp/hard/crt0.o
LOAD build/main.o
LOAD build/stm32f4xx_it.o
LOAD build/stm32f4xx_hal_msp.o
LOAD build/stm32f4xx_hal_adc.o
LOAD build/stm32f4xx_hal_adc_ex.o
LOAD build/stm32f4xx_ll_adc.o
LOAD build/stm32f4xx_hal_rcc.o
LOAD build/stm32f4xx_hal_rcc_ex.o
LOAD build/stm32f4xx_hal_flash.o
LOAD build/stm32f4xx_hal_flash_ex.o
LOAD build/stm32f4xx_hal_flash_ramfunc.o
LOAD build/stm32f4xx_hal_gpio.o
LOAD build/stm32f4xx_hal_dma_ex.o
LOAD build/stm32f4xx_hal_dma.o
LOAD build/stm32f4xx_hal_pwr.o
LOAD build/stm32f4xx_hal_pwr_ex.o
LOAD build/stm32f4xx_hal_cortex.o
LOAD build/stm32f4xx_hal.o
LOAD build/stm32f4xx_hal_exti.o
LOAD build/stm32f4xx_hal_dac.o
LOAD build/stm32f4xx_hal_dac_ex.o
LOAD build/stm32f4xx_hal_tim.o
LOAD build/stm32f4xx_hal_tim_ex.o
LOAD build/stm32f4xx_hal_uart.o
LOAD build/system_stm32f4xx.o
LOAD build/sysmem.o
LOAD build/syscalls.o
LOAD build/stm32f4xx_hal_i2c.o
LOAD build/stm32f4xx_hal_i2c_ex.o
LOAD build/stm32f4xx_hal_spi.o
LOAD build/stm32f4xx_hal_crc.o
LOAD build/startup_stm32f429xx.o
LOAD /usr/lib/gcc/arm-none-eabi/14.2.0/../../../../arm-none-eabi/lib/thumb/v7e-m+fp/hard/libc_nano.a
LOAD /usr/lib/gcc/arm-none-eabi/14.2.0/../../../../arm-none-eabi/lib/thumb/v7e-m+fp/hard/libm.a
LOAD /usr/lib/gcc/arm-none-eabi/14.2.0/../../../../arm-none-eabi/lib/thumb/v7e-m+fp/hard/libnosys.a
START GROUP
LOAD /usr/lib/gcc/arm-none-eabi/14.2.0/thumb/v7e-m+fp/hard/libgcc.a
LOAD /usr/lib/gcc/arm-none-eabi/14.2.0/../../../../arm-none-eabi/lib/thumb/v7e-m+fp/hard/libc_nano.a
END GROUP
START GROUP
LOAD /usr/lib/gcc/arm-none-eabi/14.2.0/thumb/v7e-m+fp/hard/libgcc.a
LOAD /usr/lib/gcc/arm-none-eabi/14.2.0/../../../../arm-none-eabi/lib/thumb/v7e-m+fp/hard/libc_nano.a
END GROUP
LOAD /usr/lib/gcc/arm-none-eabi/14.2.0/thumb/v7e-m+fp/hard/crtend.o
LOAD /usr/lib/gcc/arm-none-eabi/14.2.0/thumb/v7e-m+fp/hard/crtn.o
                0x20030000                        _estack = (ORIGIN (RAM) + LENGTH (RAM))
                0x00000200                        _Min_Heap_Size = 0x200
                0x00000400                        _Min_Stack_Size = 0x400

.isr_vector     0x08000000      0x1ac
                0x08000000                        . = ALIGN (0x4)
 *(.isr_vector)
 .isr_vector    0x08000000      0x1ac build/startup_stm32f429xx.o
                0x08000000                g_pfnVectors
                0x080001ac                        . = ALIGN (0x4)

.text           0x080001b0     0x3f98
                0x080001b0                        . = ALIGN (0x4)
 *(.text)
 .text          0x080001b0      0x378 /usr/lib/gcc/arm-none-eabi/14.2.0/thumb/v7e-m+fp/hard/libgcc.a(_arm_addsubdf3.o)
                0x080001b0                __aeabi_drsub
                0x080001b8                __aeabi_dsub
                0x080001b8                __subdf3
                0x080001bc                __adddf3
                0x080001bc                __aeabi_dadd
                0x08000434                __aeabi_ui2d
                0x08000434                __floatunsidf
                0x08000454                __floatsidf
                0x08000454                __aeabi_i2d
                0x08000478                __extendsfdf2
                0x08000478                __aeabi_f2d
                0x080004bc                __aeabi_ul2d
                0x080004bc                __floatundidf
                0x080004cc                __floatdidf
                0x080004cc                __aeabi_l2d
 .text          0x08000528      0x424 /usr/lib/gcc/arm-none-eabi/14.2.0/thumb/v7e-m+fp/hard/libgcc.a(_arm_muldivdf3.o)
                0x08000528                __aeabi_dmul
                0x08000528                __muldf3
                0x0800077c                __aeabi_ddiv
                0x0800077c                __divdf3
 .text          0x0800094c       0xa0 /usr/lib/gcc/arm-none-eabi/14.2.0/thumb/v7e-m+fp/hard/libgcc.a(_arm_truncdfsf2.o)
                0x0800094c                __aeabi_d2f
                0x0800094c                __truncdfsf2
 .text          0x080009ec       0x30 /usr/lib/gcc/arm-none-eabi/14.2.0/thumb/v7e-m+fp/hard/libgcc.a(_aeabi_uldivmod.o)
                0x080009ec                __aeabi_uldivmod
 .text          0x08000a1c        0x4 /usr/lib/gcc/arm-none-eabi/14.2.0/thumb/v7e-m+fp/hard/libgcc.a(_dvmd_tls.o)
                0x08000a1c                __aeabi_ldiv0
                0x08000a1c                __aeabi_idiv0
 *(.text*)
 .text.__do_global_dtors_aux
                0x08000a20       0x24 /usr/lib/gcc/arm-none-eabi/14.2.0/thumb/v7e-m+fp/hard/crtbegin.o
 .text.frame_dummy
                0x08000a44       0x1c /usr/lib/gcc/arm-none-eabi/14.2.0/thumb/v7e-m+fp/hard/crtbegin.o
 .text.MX_GPIO_Init
                0x08000a60       0x60 build/main.o
 .text.MX_DMA_Init
                0x08000ac0       0x58 build/main.o
 .text.GenerateSine
                0x08000b18       0x74 build/main.o
                0x08000b18                GenerateSine
 *fill*         0x08000b8c        0x4 
 .text.SetTone  0x08000b90       0x7c build/main.o
                0x08000b90                SetTone
 .text.Morse_SOS
                0x08000c0c       0x78 build/main.o
                0x08000c0c                Morse_SOS
 .text.Error_Handler
                0x08000c84        0x4 build/main.o
                0x08000c84                Error_Handler
 .text.MX_ADC1_Init
                0x08000c88       0x8c build/main.o
 .text.MX_ADC2_Init
                0x08000d14       0x5c build/main.o
 .text.MX_ADC3_Init
                0x08000d70       0x5c build/main.o
 .text.MX_DAC_Init
                0x08000dcc       0x40 build/main.o
 .text.MX_TIM6_Init
                0x08000e0c       0x4c build/main.o
 .text.MX_USART1_UART_Init
                0x08000e58       0x34 build/main.o
 .text.MX_I2C3_Init
                0x08000e8c       0x54 build/main.o
 .text.MX_SPI5_Init
                0x08000ee0       0x40 build/main.o
 .text.MX_TIM3_Init
                0x08000f20       0x68 build/main.o
 .text.MX_CRC_Init
                0x08000f88       0x1c build/main.o
 .text.SystemClock_Config
                0x08000fa4       0xa8 build/main.o
                0x08000fa4                SystemClock_Config
 .text.main     0x0800104c       0x70 build/main.o
                0x0800104c                main
 .text.NMI_Handler
                0x080010bc        0x2 build/stm32f4xx_it.o
                0x080010bc                NMI_Handler
 .text.HardFault_Handler
                0x080010be        0x2 build/stm32f4xx_it.o
                0x080010be                HardFault_Handler
 .text.MemManage_Handler
                0x080010c0        0x2 build/stm32f4xx_it.o
                0x080010c0                MemManage_Handler
 .text.BusFault_Handler
                0x080010c2        0x2 build/stm32f4xx_it.o
                0x080010c2                BusFault_Handler
 .text.UsageFault_Handler
                0x080010c4        0x2 build/stm32f4xx_it.o
                0x080010c4                UsageFault_Handler
 .text.SVC_Handler
                0x080010c6        0x2 build/stm32f4xx_it.o
                0x080010c6                SVC_Handler
 .text.DebugMon_Handler
                0x080010c8        0x2 build/stm32f4xx_it.o
                0x080010c8                DebugMon_Handler
 .text.PendSV_Handler
                0x080010ca        0x2 build/stm32f4xx_it.o
                0x080010ca                PendSV_Handler
 .text.SysTick_Handler
                0x080010cc        0x8 build/stm32f4xx_it.o
                0x080010cc                SysTick_Handler
 .text.DMA1_Stream6_IRQHandler
                0x080010d4       0x10 build/stm32f4xx_it.o
                0x080010d4                DMA1_Stream6_IRQHandler
 .text.DMA2_Stream0_IRQHandler
                0x080010e4       0x10 build/stm32f4xx_it.o
                0x080010e4                DMA2_Stream0_IRQHandler
 .text.HAL_MspInit
                0x080010f4       0x40 build/stm32f4xx_hal_msp.o
                0x080010f4                HAL_MspInit
 .text.HAL_ADC_MspInit
                0x08001134      0x13c build/stm32f4xx_hal_msp.o
                0x08001134                HAL_ADC_MspInit
 .text.HAL_CRC_MspInit
                0x08001270       0x30 build/stm32f4xx_hal_msp.o
                0x08001270                HAL_CRC_MspInit
 .text.HAL_DAC_MspInit
                0x080012a0       0xb0 build/stm32f4xx_hal_msp.o
                0x080012a0                HAL_DAC_MspInit
 .text.HAL_I2C_MspInit
                0x08001350       0xb0 build/stm32f4xx_hal_msp.o
                0x08001350                HAL_I2C_MspInit
 .text.HAL_SPI_MspInit
                0x08001400       0x70 build/stm32f4xx_hal_msp.o
                0x08001400                HAL_SPI_MspInit
 .text.HAL_TIM_Base_MspInit
                0x08001470       0x54 build/stm32f4xx_hal_msp.o
                0x08001470                HAL_TIM_Base_MspInit
 .text.HAL_UART_MspInit
                0x080014c4       0x74 build/stm32f4xx_hal_msp.o
                0x080014c4                HAL_UART_MspInit
 .text.ADC_Init
                0x08001538      0x134 build/stm32f4xx_hal_adc.o
 .text.HAL_ADC_Init
                0x0800166c       0x56 build/stm32f4xx_hal_adc.o
                0x0800166c                HAL_ADC_Init
 *fill*         0x080016c2        0x2 
 .text.HAL_ADC_ConfigChannel
                0x080016c4      0x1ac build/stm32f4xx_hal_adc.o
                0x080016c4                HAL_ADC_ConfigChannel
 .text.HAL_ADCEx_MultiModeConfigChannel
                0x08001870       0x58 build/stm32f4xx_hal_adc_ex.o
                0x08001870                HAL_ADCEx_MultiModeConfigChannel
 .text.HAL_RCC_OscConfig
                0x080018c8      0x3f8 build/stm32f4xx_hal_rcc.o
                0x080018c8                HAL_RCC_OscConfig
 .text.HAL_RCC_GetSysClockFreq
                0x08001cc0       0xdc build/stm32f4xx_hal_rcc.o
                0x08001cc0                HAL_RCC_GetSysClockFreq
 .text.HAL_RCC_ClockConfig
                0x08001d9c      0x160 build/stm32f4xx_hal_rcc.o
                0x08001d9c                HAL_RCC_ClockConfig
 .text.HAL_RCC_GetHCLKFreq
                0x08001efc        0xc build/stm32f4xx_hal_rcc.o
                0x08001efc                HAL_RCC_GetHCLKFreq
 .text.HAL_RCC_GetPCLK1Freq
                0x08001f08       0x20 build/stm32f4xx_hal_rcc.o
                0x08001f08                HAL_RCC_GetPCLK1Freq
 .text.HAL_RCC_GetPCLK2Freq
                0x08001f28       0x20 build/stm32f4xx_hal_rcc.o
                0x08001f28                HAL_RCC_GetPCLK2Freq
 .text.HAL_GPIO_Init
                0x08001f48      0x208 build/stm32f4xx_hal_gpio.o
                0x08001f48                HAL_GPIO_Init
 .text.DMA_SetConfig
                0x08002150       0x2c build/stm32f4xx_hal_dma.o
 .text.DMA_CalcBaseAndBitshift
                0x0800217c       0x3c build/stm32f4xx_hal_dma.o
 .text.DMA_CheckFifoParam
                0x080021b8       0x8e build/stm32f4xx_hal_dma.o
 *fill*         0x08002246        0x2 
 .text.HAL_DMA_Init
                0x08002248       0xcc build/stm32f4xx_hal_dma.o
                0x08002248                HAL_DMA_Init
 .text.HAL_DMA_Start_IT
                0x08002314       0x68 build/stm32f4xx_hal_dma.o
                0x08002314                HAL_DMA_Start_IT
 .text.HAL_DMA_IRQHandler
                0x0800237c      0x1dc build/stm32f4xx_hal_dma.o
                0x0800237c                HAL_DMA_IRQHandler
 .text.__NVIC_EnableIRQ
                0x08002558       0x1c build/stm32f4xx_hal_cortex.o
 .text.__NVIC_SetPriority
                0x08002574       0x28 build/stm32f4xx_hal_cortex.o
 .text.NVIC_EncodePriority
                0x0800259c       0x3e build/stm32f4xx_hal_cortex.o
 *fill*         0x080025da        0x2 
 .text.HAL_NVIC_SetPriorityGrouping
                0x080025dc       0x24 build/stm32f4xx_hal_cortex.o
                0x080025dc                HAL_NVIC_SetPriorityGrouping
 .text.HAL_NVIC_SetPriority
                0x08002600       0x20 build/stm32f4xx_hal_cortex.o
                0x08002600                HAL_NVIC_SetPriority
 .text.HAL_NVIC_EnableIRQ
                0x08002620        0x8 build/stm32f4xx_hal_cortex.o
                0x08002620                HAL_NVIC_EnableIRQ
 .text.HAL_SYSTICK_Config
                0x08002628       0x28 build/stm32f4xx_hal_cortex.o
                0x08002628                HAL_SYSTICK_Config
 .text.HAL_InitTick
                0x08002650       0x4c build/stm32f4xx_hal.o
                0x08002650                HAL_InitTick
 .text.HAL_Init
                0x0800269c       0x34 build/stm32f4xx_hal.o
                0x0800269c                HAL_Init
 .text.HAL_IncTick
                0x080026d0       0x18 build/stm32f4xx_hal.o
                0x080026d0                HAL_IncTick
 .text.HAL_GetTick
                0x080026e8        0xc build/stm32f4xx_hal.o
                0x080026e8                HAL_GetTick
 .text.HAL_Delay
                0x080026f4       0x28 build/stm32f4xx_hal.o
                0x080026f4                HAL_Delay
 .text.HAL_DAC_Init
                0x0800271c       0x24 build/stm32f4xx_hal_dac.o
                0x0800271c                HAL_DAC_Init
 .text.HAL_DAC_Start_DMA
                0x08002740       0xf0 build/stm32f4xx_hal_dac.o
                0x08002740                HAL_DAC_Start_DMA
 .text.HAL_DAC_ConvCpltCallbackCh1
                0x08002830        0x2 build/stm32f4xx_hal_dac.o
                0x08002830                HAL_DAC_ConvCpltCallbackCh1
 .text.DAC_DMAConvCpltCh1
                0x08002832       0x10 build/stm32f4xx_hal_dac.o
                0x08002832                DAC_DMAConvCpltCh1
 .text.HAL_DAC_ConvHalfCpltCallbackCh1
                0x08002842        0x2 build/stm32f4xx_hal_dac.o
                0x08002842                HAL_DAC_ConvHalfCpltCallbackCh1
 .text.DAC_DMAHalfConvCpltCh1
                0x08002844        0xa build/stm32f4xx_hal_dac.o
                0x08002844                DAC_DMAHalfConvCpltCh1
 .text.HAL_DAC_ErrorCallbackCh1
                0x0800284e        0x2 build/stm32f4xx_hal_dac.o
                0x0800284e                HAL_DAC_ErrorCallbackCh1
 .text.DAC_DMAErrorCh1
                0x08002850       0x18 build/stm32f4xx_hal_dac.o
                0x08002850                DAC_DMAErrorCh1
 .text.HAL_DAC_ConfigChannel
                0x08002868       0x62 build/stm32f4xx_hal_dac.o
                0x08002868                HAL_DAC_ConfigChannel
 .text.HAL_DACEx_ConvCpltCallbackCh2
                0x080028ca        0x2 build/stm32f4xx_hal_dac_ex.o
                0x080028ca                HAL_DACEx_ConvCpltCallbackCh2
 .text.HAL_DACEx_ConvHalfCpltCallbackCh2
                0x080028cc        0x2 build/stm32f4xx_hal_dac_ex.o
                0x080028cc                HAL_DACEx_ConvHalfCpltCallbackCh2
 .text.HAL_DACEx_ErrorCallbackCh2
                0x080028ce        0x2 build/stm32f4xx_hal_dac_ex.o
                0x080028ce                HAL_DACEx_ErrorCallbackCh2
 .text.DAC_DMAConvCpltCh2
                0x080028d0       0x10 build/stm32f4xx_hal_dac_ex.o
                0x080028d0                DAC_DMAConvCpltCh2
 .text.DAC_DMAHalfConvCpltCh2
                0x080028e0        0xa build/stm32f4xx_hal_dac_ex.o
                0x080028e0                DAC_DMAHalfConvCpltCh2
 .text.DAC_DMAErrorCh2
                0x080028ea       0x18 build/stm32f4xx_hal_dac_ex.o
                0x080028ea                DAC_DMAErrorCh2
 .text.TIM_TI1_ConfigInputStage
                0x08002902       0x26 build/stm32f4xx_hal_tim.o
 .text.TIM_TI2_ConfigInputStage
                0x08002928       0x28 build/stm32f4xx_hal_tim.o
 .text.TIM_ITRx_SetConfig
                0x08002950       0x10 build/stm32f4xx_hal_tim.o
 .text.HAL_TIM_Base_Start
                0x08002960       0x7c build/stm32f4xx_hal_tim.o
                0x08002960                HAL_TIM_Base_Start
 .text.TIM_Base_SetConfig
                0x080029dc       0xd0 build/stm32f4xx_hal_tim.o
                0x080029dc                TIM_Base_SetConfig
 .text.HAL_TIM_Base_Init
                0x08002aac       0x58 build/stm32f4xx_hal_tim.o
                0x08002aac                HAL_TIM_Base_Init
 .text.TIM_ETR_SetConfig
                0x08002b04       0x1a build/stm32f4xx_hal_tim.o
                0x08002b04                TIM_ETR_SetConfig
 .text.HAL_TIM_ConfigClockSource
                0x08002b1e       0xfe build/stm32f4xx_hal_tim.o
                0x08002b1e                HAL_TIM_ConfigClockSource
 .text.HAL_TIMEx_MasterConfigSynchronization
                0x08002c1c       0x8c build/stm32f4xx_hal_tim_ex.o
                0x08002c1c                HAL_TIMEx_MasterConfigSynchronization
 .text.UART_SetConfig
                0x08002ca8      0x110 build/stm32f4xx_hal_uart.o
 .text.HAL_UART_Init
                0x08002db8       0x60 build/stm32f4xx_hal_uart.o
                0x08002db8                HAL_UART_Init
 .text.SystemInit
                0x08002e18       0x14 build/system_stm32f4xx.o
                0x08002e18                SystemInit
 .text.HAL_I2C_Init
                0x08002e2c      0x1bc build/stm32f4xx_hal_i2c.o
                0x08002e2c                HAL_I2C_Init
 .text.HAL_I2CEx_ConfigAnalogFilter
                0x08002fe8       0x42 build/stm32f4xx_hal_i2c_ex.o
                0x08002fe8                HAL_I2CEx_ConfigAnalogFilter
 .text.HAL_I2CEx_ConfigDigitalFilter
                0x0800302a       0x40 build/stm32f4xx_hal_i2c_ex.o
                0x0800302a                HAL_I2CEx_ConfigDigitalFilter
 .text.HAL_SPI_Init
                0x0800306a       0xbe build/stm32f4xx_hal_spi.o
                0x0800306a                HAL_SPI_Init
 .text.HAL_CRC_Init
                0x08003128       0x1e build/stm32f4xx_hal_crc.o
                0x08003128                HAL_CRC_Init
 *fill*         0x08003146        0x2 
 .text.Reset_Handler
                0x08003148       0x50 build/startup_stm32f429xx.o
                0x08003148                Reset_Handler
 .text.Default_Handler
                0x08003198        0x2 build/startup_stm32f429xx.o
                0x08003198                RTC_Alarm_IRQHandler
                0x08003198                HASH_RNG_IRQHandler
                0x08003198                EXTI2_IRQHandler
                0x08003198                TIM8_CC_IRQHandler
                0x08003198                UART8_IRQHandler
                0x08003198                SPI4_IRQHandler
                0x08003198                TIM1_CC_IRQHandler
                0x08003198                DMA2_Stream5_IRQHandler
                0x08003198                DMA1_Stream5_IRQHandler
                0x08003198                PVD_IRQHandler
                0x08003198                SDIO_IRQHandler
                0x08003198                TAMP_STAMP_IRQHandler
                0x08003198                CAN2_RX1_IRQHandler
                0x08003198                EXTI3_IRQHandler
                0x08003198                TIM8_TRG_COM_TIM14_IRQHandler
                0x08003198                TIM1_UP_TIM10_IRQHandler
                0x08003198                TIM8_UP_TIM13_IRQHandler
                0x08003198                I2C3_ER_IRQHandler
                0x08003198                EXTI0_IRQHandler
                0x08003198                I2C2_EV_IRQHandler
                0x08003198                DMA1_Stream2_IRQHandler
                0x08003198                CAN1_RX0_IRQHandler
                0x08003198                FPU_IRQHandler
                0x08003198                OTG_HS_WKUP_IRQHandler
                0x08003198                LTDC_ER_IRQHandler
                0x08003198                CAN2_SCE_IRQHandler
                0x08003198                DMA2_Stream2_IRQHandler
                0x08003198                SPI1_IRQHandler
                0x08003198                TIM6_DAC_IRQHandler
                0x08003198                TIM1_BRK_TIM9_IRQHandler
                0x08003198                DCMI_IRQHandler
                0x08003198                CAN2_RX0_IRQHandler
                0x08003198                DMA2_Stream3_IRQHandler
                0x08003198                USART6_IRQHandler
                0x08003198                USART3_IRQHandler
                0x08003198                CAN1_RX1_IRQHandler
                0x08003198                UART5_IRQHandler
                0x08003198                TIM4_IRQHandler
                0x08003198                I2C1_EV_IRQHandler
                0x08003198                DMA1_Stream1_IRQHandler
                0x08003198                UART4_IRQHandler
                0x08003198                TIM3_IRQHandler
                0x08003198                RCC_IRQHandler
                0x08003198                TIM8_BRK_TIM12_IRQHandler
                0x08003198                Default_Handler
                0x08003198                EXTI15_10_IRQHandler
                0x08003198                ADC_IRQHandler
                0x08003198                DMA1_Stream7_IRQHandler
                0x08003198                SPI5_IRQHandler
                0x08003198                TIM7_IRQHandler
                0x08003198                CAN2_TX_IRQHandler
                0x08003198                TIM5_IRQHandler
                0x08003198                DMA2_Stream7_IRQHandler
                0x08003198                I2C3_EV_IRQHandler
                0x08003198                EXTI9_5_IRQHandler
                0x08003198                RTC_WKUP_IRQHandler
                0x08003198                LTDC_IRQHandler
                0x08003198                ETH_WKUP_IRQHandler
                0x08003198                SPI2_IRQHandler
                0x08003198                OTG_HS_EP1_IN_IRQHandler
                0x08003198                DMA1_Stream0_IRQHandler
                0x08003198                CAN1_TX_IRQHandler
                0x08003198                EXTI4_IRQHandler
                0x08003198                ETH_IRQHandler
                0x08003198                OTG_HS_EP1_OUT_IRQHandler
                0x08003198                WWDG_IRQHandler
                0x08003198                SPI6_IRQHandler
                0x08003198                TIM2_IRQHandler
                0x08003198                OTG_FS_WKUP_IRQHandler
                0x08003198                TIM1_TRG_COM_TIM11_IRQHandler
                0x08003198                OTG_HS_IRQHandler
                0x08003198                DMA2D_IRQHandler
                0x08003198                EXTI1_IRQHandler
                0x08003198                UART7_IRQHandler
                0x08003198                USART2_IRQHandler
                0x08003198                I2C2_ER_IRQHandler
                0x08003198                DMA2_Stream1_IRQHandler
                0x08003198                CAN1_SCE_IRQHandler
                0x08003198                FLASH_IRQHandler
                0x08003198                DMA2_Stream4_IRQHandler
                0x08003198                USART1_IRQHandler
                0x08003198                OTG_FS_IRQHandler
                0x08003198                SPI3_IRQHandler
                0x08003198                DMA1_Stream4_IRQHandler
                0x08003198                I2C1_ER_IRQHandler
                0x08003198                FMC_IRQHandler
                0x08003198                DMA2_Stream6_IRQHandler
                0x08003198                SAI1_IRQHandler
                0x08003198                DMA1_Stream3_IRQHandler
 .text.memset   0x0800319a       0x10 /usr/lib/gcc/arm-none-eabi/14.2.0/../../../../arm-none-eabi/lib/thumb/v7e-m+fp/hard/libc_nano.a(libc_a-memset.o)
                0x0800319a                memset
 *fill*         0x080031aa        0x2 
 .text.__libc_init_array
                0x080031ac       0x48 /usr/lib/gcc/arm-none-eabi/14.2.0/../../../../arm-none-eabi/lib/thumb/v7e-m+fp/hard/libc_nano.a(libc_a-init.o)
                0x080031ac                __libc_init_array
 .text.sinf     0x080031f4       0x74 /usr/lib/gcc/arm-none-eabi/14.2.0/../../../../arm-none-eabi/lib/thumb/v7e-m+fp/hard/libm.a(libm_a-sf_sin.o)
                0x080031f4                sinf
 .text.__kernel_cosf
                0x08003268      0x104 /usr/lib/gcc/arm-none-eabi/14.2.0/../../../../arm-none-eabi/lib/thumb/v7e-m+fp/hard/libm.a(libm_a-kf_cos.o)
                0x08003268                __kernel_cosf
 .text.__kernel_sinf
                0x0800336c       0x90 /usr/lib/gcc/arm-none-eabi/14.2.0/../../../../arm-none-eabi/lib/thumb/v7e-m+fp/hard/libm.a(libm_a-kf_sin.o)
                0x0800336c                __kernel_sinf
 .text.__ieee754_rem_pio2f
                0x080033fc      0x26c /usr/lib/gcc/arm-none-eabi/14.2.0/../../../../arm-none-eabi/lib/thumb/v7e-m+fp/hard/libm.a(libm_a-ef_rem_pio2.o)
                0x080033fc                __ieee754_rem_pio2f
 .text.fabsf    0x08003668       0x10 /usr/lib/gcc/arm-none-eabi/14.2.0/../../../../arm-none-eabi/lib/thumb/v7e-m+fp/hard/libm.a(libm_a-sf_fabs.o)
                0x08003668                fabsf
 .text.__kernel_rem_pio2f
                0x08003678      0x68c /usr/lib/gcc/arm-none-eabi/14.2.0/../../../../arm-none-eabi/lib/thumb/v7e-m+fp/hard/libm.a(libm_a-kf_rem_pio2.o)
                0x08003678                __kernel_rem_pio2f
 .text.scalbnf  0x08003d04       0xdc /usr/lib/gcc/arm-none-eabi/14.2.0/../../../../arm-none-eabi/lib/thumb/v7e-m+fp/hard/libm.a(libm_a-sf_scalbn.o)
                0x08003d04                scalbnf
 .text.floorf   0x08003de0       0x94 /usr/lib/gcc/arm-none-eabi/14.2.0/../../../../arm-none-eabi/lib/thumb/v7e-m+fp/hard/libm.a(libm_a-sf_floor.o)
                0x08003de0                floorf
 .text.__udivmoddi4
                0x08003e74      0x2bc /usr/lib/gcc/arm-none-eabi/14.2.0/thumb/v7e-m+fp/hard/libgcc.a(_udivmoddi4.o)
                0x08003e74                __udivmoddi4
 *(.glue_7)
 .glue_7        0x08004130        0x0 linker stubs
 *(.glue_7t)
 .glue_7t       0x08004130        0x0 linker stubs
 *(.eh_frame)
 .eh_frame      0x08004130        0x0 /usr/lib/gcc/arm-none-eabi/14.2.0/thumb/v7e-m+fp/hard/crtbegin.o
 *(.init)
 .init          0x08004130        0x4 /usr/lib/gcc/arm-none-eabi/14.2.0/thumb/v7e-m+fp/hard/crti.o
                0x08004130                _init
 .init          0x08004134        0x8 /usr/lib/gcc/arm-none-eabi/14.2.0/thumb/v7e-m+fp/hard/crtn.o
 *(.fini)
 .fini          0x0800413c        0x4 /usr/lib/gcc/arm-none-eabi/14.2.0/thumb/v7e-m+fp/hard/crti.o
                0x0800413c                _fini
 .fini          0x08004140        0x8 /usr/lib/gcc/arm-none-eabi/14.2.0/thumb/v7e-m+fp/hard/crtn.o
                0x08004148                        . = ALIGN (0x4)
                0x08004148                        _etext = .

.vfp11_veneer   0x08004148        0x0
 .vfp11_veneer  0x08004148        0x0 linker stubs

.v4_bx          0x08004148        0x0
 .v4_bx         0x08004148        0x0 linker stubs

.iplt           0x08004148        0x0
 .iplt          0x08004148        0x0 /usr/lib/gcc/arm-none-eabi/14.2.0/thumb/v7e-m+fp/hard/crtbegin.o

.rodata         0x08004148      0x3f0
                0x08004148                        . = ALIGN (0x4)
 *(.rodata)
 *(.rodata*)
 .rodata.flagBitshiftOffset.0
                0x08004148        0x8 build/stm32f4xx_hal_dma.o
 .rodata.APBPrescTable
                0x08004150        0x8 build/system_stm32f4xx.o
                0x08004150                APBPrescTable
 .rodata.AHBPrescTable
                0x08004158       0x10 build/system_stm32f4xx.o
                0x08004158                AHBPrescTable
 .rodata.npio2_hw
                0x08004168       0x80 /usr/lib/gcc/arm-none-eabi/14.2.0/../../../../arm-none-eabi/lib/thumb/v7e-m+fp/hard/libm.a(libm_a-ef_rem_pio2.o)
 .rodata.two_over_pi
                0x080041e8      0x318 /usr/lib/gcc/arm-none-eabi/14.2.0/../../../../arm-none-eabi/lib/thumb/v7e-m+fp/hard/libm.a(libm_a-ef_rem_pio2.o)
 .rodata.PIo2   0x08004500       0x2c /usr/lib/gcc/arm-none-eabi/14.2.0/../../../../arm-none-eabi/lib/thumb/v7e-m+fp/hard/libm.a(libm_a-kf_rem_pio2.o)
 .rodata.init_jk
                0x0800452c        0xc /usr/lib/gcc/arm-none-eabi/14.2.0/../../../../arm-none-eabi/lib/thumb/v7e-m+fp/hard/libm.a(libm_a-kf_rem_pio2.o)
                0x08004538                        . = ALIGN (0x4)

.ARM.extab      0x08004538        0x0
                0x08004538                        . = ALIGN (0x4)
 *(.ARM.extab* .gnu.linkonce.armextab.*)
                0x08004538                        . = ALIGN (0x4)

.ARM            0x08004538        0x8
                0x08004538                        . = ALIGN (0x4)
                0x08004538                        __exidx_start = .
 *(.ARM.exidx*)
 .ARM.exidx.text.__udivmoddi4
                0x08004538        0x8 /usr/lib/gcc/arm-none-eabi/14.2.0/thumb/v7e-m+fp/hard/libgcc.a(_udivmoddi4.o)
                0x08004540                        __exidx_end = .
                0x08004540                        . = ALIGN (0x4)

.preinit_array  0x08004540        0x0
                0x08004540                        . = ALIGN (0x4)
                0x08004540                        PROVIDE (__preinit_array_start = .)
 *(.preinit_array*)
                0x08004540                        PROVIDE (__preinit_array_end = .)
                0x08004540                        . = ALIGN (0x4)

.init_array     0x08004540        0x4
                0x08004540                        . = ALIGN (0x4)
                0x08004540                        PROVIDE (__init_array_start = .)
 *(SORT_BY_NAME(.init_array.*))
 *(.init_array*)
 .init_array    0x08004540        0x4 /usr/lib/gcc/arm-none-eabi/14.2.0/thumb/v7e-m+fp/hard/crtbegin.o
                0x08004544                        PROVIDE (__init_array_end = .)
                0x08004544                        . = ALIGN (0x4)

.fini_array     0x08004544        0x4
                0x08004544                        . = ALIGN (0x4)
                0x08004544                        PROVIDE (__fini_array_start = .)
 *(SORT_BY_NAME(.fini_array.*))
 *(.fini_array*)
 .fini_array    0x08004544        0x4 /usr/lib/gcc/arm-none-eabi/14.2.0/thumb/v7e-m+fp/hard/crtbegin.o
                0x08004548                        PROVIDE (__fini_array_end = .)
                0x08004548                        . = ALIGN (0x4)
                0x08004548                        _sidata = LOADADDR (.data)

.rel.dyn        0x08004548        0x0
 .rel.iplt      0x08004548        0x0 /usr/lib/gcc/arm-none-eabi/14.2.0/thumb/v7e-m+fp/hard/crtbegin.o

.data           0x20000000        0xc load address 0x08004548
                0x20000000                        . = ALIGN (0x4)
                0x20000000                        _sdata = .
 *(.data)
 *(.data*)
 .data.uwTickFreq
                0x20000000        0x1 build/stm32f4xx_hal.o
                0x20000000                uwTickFreq
 *fill*         0x20000001        0x3 
 .data.uwTickPrio
                0x20000004        0x4 build/stm32f4xx_hal.o
                0x20000004                uwTickPrio
 .data.SystemCoreClock
                0x20000008        0x4 build/system_stm32f4xx.o
                0x20000008                SystemCoreClock
 *(.RamFunc)
 *(.RamFunc*)
                0x2000000c                        . = ALIGN (0x4)
                0x2000000c                        _edata = .
                0x08004554                        _siccmram = LOADADDR (.ccmram)

.igot.plt       0x2000000c        0x0 load address 0x08004554
 .igot.plt      0x2000000c        0x0 /usr/lib/gcc/arm-none-eabi/14.2.0/thumb/v7e-m+fp/hard/crtbegin.o

.ccmram         0x10000000        0x0 load address 0x08004554
                0x10000000                        . = ALIGN (0x4)
                0x10000000                        _sccmram = .
 *(.ccmram)
 *(.ccmram*)
                0x10000000                        . = ALIGN (0x4)
                0x10000000                        _eccmram = .
                0x10000000                        . = ALIGN (0x4)

.bss            0x2000000c      0x678
                0x2000000c                        _sbss = .
                0x2000000c                        __bss_start__ = _sbss
 *(.bss)
 *(.bss*)
 .bss.completed.1
                0x2000000c        0x1 /usr/lib/gcc/arm-none-eabi/14.2.0/thumb/v7e-m+fp/hard/crtbegin.o
 *fill*         0x2000000d        0x3 
 .bss.object.0  0x20000010       0x18 /usr/lib/gcc/arm-none-eabi/14.2.0/thumb/v7e-m+fp/hard/crtbegin.o
 .bss.dac_buffer
                0x20000028      0x320 build/main.o
                0x20000028                dac_buffer
 .bss.huart1    0x20000348       0x48 build/main.o
                0x20000348                huart1
 .bss.htim6     0x20000390       0x48 build/main.o
                0x20000390                htim6
 .bss.htim3     0x200003d8       0x48 build/main.o
                0x200003d8                htim3
 .bss.hspi5     0x20000420       0x58 build/main.o
                0x20000420                hspi5
 .bss.hi2c3     0x20000478       0x54 build/main.o
                0x20000478                hi2c3
 .bss.hdma_dac2
                0x200004cc       0x60 build/main.o
                0x200004cc                hdma_dac2
 .bss.hdac      0x2000052c       0x14 build/main.o
                0x2000052c                hdac
 .bss.hcrc      0x20000540        0x8 build/main.o
                0x20000540                hcrc
 .bss.hdma_adc1
                0x20000548       0x60 build/main.o
                0x20000548                hdma_adc1
 .bss.hadc3     0x200005a8       0x48 build/main.o
                0x200005a8                hadc3
 .bss.hadc2     0x200005f0       0x48 build/main.o
                0x200005f0                hadc2
 .bss.hadc1     0x20000638       0x48 build/main.o
                0x20000638                hadc1
 .bss.uwTick    0x20000680        0x4 build/stm32f4xx_hal.o
                0x20000680                uwTick
 *(COMMON)
                0x20000684                        . = ALIGN (0x4)
                0x20000684                        _ebss = .
                0x20000684                        __bss_end__ = _ebss

._user_heap_stack
                0x20000684      0x604
                0x20000688                        . = ALIGN (0x8)
 *fill*         0x20000684        0x4 
                [!provide]                        PROVIDE (end = .)
                0x20000688                        PROVIDE (_end = .)
                0x20000888                        . = (. + _Min_Heap_Size)
 *fill*         0x20000688      0x200 
                0x20000c88                        . = (. + _Min_Stack_Size)
 *fill*         0x20000888      0x400 
                0x20000c88                        . = ALIGN (0x8)

/DISCARD/
 libc.a(*)
 libm.a(*)
 libgcc.a(*)
OUTPUT(build/MorseCode.elf elf32-littlearm)
LOAD linker stubs
LOAD /usr/lib/gcc/arm-none-eabi/14.2.0/../../../../arm-none-eabi/lib/thumb/v7e-m+fp/hard/libc.a
LOAD /usr/lib/gcc/arm-none-eabi/14.2.0/../../../../arm-none-eabi/lib/thumb/v7e-m+fp/hard/libm.a
LOAD /usr/lib/gcc/arm-none-eabi/14.2.0/thumb/v7e-m+fp/hard/libgcc.a

.ARM.attributes
                0x00000000       0x30
 .ARM.attributes
                0x00000000       0x22 /usr/lib/gcc/arm-none-eabi/14.2.0/thumb/v7e-m+fp/hard/crti.o
 .ARM.attributes
                0x00000022       0x34 /usr/lib/gcc/arm-none-eabi/14.2.0/thumb/v7e-m+fp/hard/crtbegin.o
 .ARM.attributes
                0x00000056       0x34 build/main.o
 .ARM.attributes
                0x0000008a       0x34 build/stm32f4xx_it.o
 .ARM.attributes
                0x000000be       0x34 build/stm32f4xx_hal_msp.o
 .ARM.attributes
                0x000000f2       0x34 build/stm32f4xx_hal_adc.o
 .ARM.attributes
                0x00000126       0x34 build/stm32f4xx_hal_adc_ex.o
 .ARM.attributes
                0x0000015a       0x34 build/stm32f4xx_hal_rcc.o
 .ARM.attributes
                0x0000018e       0x34 build/stm32f4xx_hal_gpio.o
 .ARM.attributes
                0x000001c2       0x34 build/stm32f4xx_hal_dma.o
 .ARM.attributes
                0x000001f6       0x34 build/stm32f4xx_hal_cortex.o
 .ARM.attributes
                0x0000022a       0x34 build/stm32f4xx_hal.o
 .ARM.attributes
                0x0000025e       0x34 build/stm32f4xx_hal_dac.o
 .ARM.attributes
                0x00000292       0x34 build/stm32f4xx_hal_dac_ex.o
 .ARM.attributes
                0x000002c6       0x34 build/stm32f4xx_hal_tim.o
 .ARM.attributes
                0x000002fa       0x34 build/stm32f4xx_hal_tim_ex.o
 .ARM.attributes
                0x0000032e       0x34 build/stm32f4xx_hal_uart.o
 .ARM.attributes
                0x00000362       0x34 build/system_stm32f4xx.o
 .ARM.attributes
                0x00000396       0x34 build/stm32f4xx_hal_i2c.o
 .ARM.attributes
                0x000003ca       0x34 build/stm32f4xx_hal_i2c_ex.o
 .ARM.attributes
                0x000003fe       0x34 build/stm32f4xx_hal_spi.o
 .ARM.attributes
                0x00000432       0x34 build/stm32f4xx_hal_crc.o
 .ARM.attributes
                0x00000466       0x21 build/startup_stm32f429xx.o
 .ARM.attributes
                0x00000487       0x34 /usr/lib/gcc/arm-none-eabi/14.2.0/../../../../arm-none-eabi/lib/thumb/v7e-m+fp/hard/libc_nano.a(libc_a-memset.o)
 .ARM.attributes
                0x000004bb       0x34 /usr/lib/gcc/arm-none-eabi/14.2.0/../../../../arm-none-eabi/lib/thumb/v7e-m+fp/hard/libc_nano.a(libc_a-init.o)
 .ARM.attributes
                0x000004ef       0x34 /usr/lib/gcc/arm-none-eabi/14.2.0/../../../../arm-none-eabi/lib/thumb/v7e-m+fp/hard/libm.a(libm_a-sf_sin.o)
 .ARM.attributes
                0x00000523       0x34 /usr/lib/gcc/arm-none-eabi/14.2.0/../../../../arm-none-eabi/lib/thumb/v7e-m+fp/hard/libm.a(libm_a-kf_cos.o)
 .ARM.attributes
                0x00000557       0x34 /usr/lib/gcc/arm-none-eabi/14.2.0/../../../../arm-none-eabi/lib/thumb/v7e-m+fp/hard/libm.a(libm_a-kf_sin.o)
 .ARM.attributes
                0x0000058b       0x34 /usr/lib/gcc/arm-none-eabi/14.2.0/../../../../arm-none-eabi/lib/thumb/v7e-m+fp/hard/libm.a(libm_a-ef_rem_pio2.o)
 .ARM.attributes
                0x000005bf       0x34 /usr/lib/gcc/arm-none-eabi/14.2.0/../../../../arm-none-eabi/lib/thumb/v7e-m+fp/hard/libm.a(libm_a-sf_fabs.o)
 .ARM.attributes
                0x000005f3       0x34 /usr/lib/gcc/arm-none-eabi/14.2.0/../../../../arm-none-eabi/lib/thumb/v7e-m+fp/hard/libm.a(libm_a-kf_rem_pio2.o)
 .ARM.attributes
                0x00000627       0x34 /usr/lib/gcc/arm-none-eabi/14.2.0/../../../../arm-none-eabi/lib/thumb/v7e-m+fp/hard/libm.a(libm_a-sf_scalbn.o)
 .ARM.attributes
                0x0000065b       0x34 /usr/lib/gcc/arm-none-eabi/14.2.0/../../../../arm-none-eabi/lib/thumb/v7e-m+fp/hard/libm.a(libm_a-sf_floor.o)
 .ARM.attributes
                0x0000068f       0x22 /usr/lib/gcc/arm-none-eabi/14.2.0/thumb/v7e-m+fp/hard/libgcc.a(_arm_addsubdf3.o)
 .ARM.attributes
                0x000006b1       0x22 /usr/lib/gcc/arm-none-eabi/14.2.0/thumb/v7e-m+fp/hard/libgcc.a(_arm_muldivdf3.o)
 .ARM.attributes
                0x000006d3       0x22 /usr/lib/gcc/arm-none-eabi/14.2.0/thumb/v7e-m+fp/hard/libgcc.a(_arm_truncdfsf2.o)
 .ARM.attributes
                0x000006f5       0x22 /usr/lib/gcc/arm-none-eabi/14.2.0/thumb/v7e-m+fp/hard/libgcc.a(_aeabi_uldivmod.o)
 .ARM.attributes
                0x00000717       0x34 /usr/lib/gcc/arm-none-eabi/14.2.0/thumb/v7e-m+fp/hard/libgcc.a(_udivmoddi4.o)
 .ARM.attributes
                0x0000074b       0x22 /usr/lib/gcc/arm-none-eabi/14.2.0/thumb/v7e-m+fp/hard/libgcc.a(_dvmd_tls.o)
 .ARM.attributes
                0x0000076d       0x22 /usr/lib/gcc/arm-none-eabi/14.2.0/thumb/v7e-m+fp/hard/crtn.o

.comment        0x00000000       0x1e
 .comment       0x00000000       0x1e build/main.o
                                 0x1f (size before relaxing)
 .comment       0x0000001e       0x1f build/stm32f4xx_it.o
 .comment       0x0000001e       0x1f build/stm32f4xx_hal_msp.o
 .comment       0x0000001e       0x1f build/stm32f4xx_hal_adc.o
 .comment       0x0000001e       0x1f build/stm32f4xx_hal_adc_ex.o
 .comment       0x0000001e       0x1f build/stm32f4xx_hal_rcc.o
 .comment       0x0000001e       0x1f build/stm32f4xx_hal_gpio.o
 .comment       0x0000001e       0x1f build/stm32f4xx_hal_dma.o
 .comment       0x0000001e       0x1f build/stm32f4xx_hal_cortex.o
 .comment       0x0000001e       0x1f build/stm32f4xx_hal.o
 .comment       0x0000001e       0x1f build/stm32f4xx_hal_dac.o
 .comment       0x0000001e       0x1f build/stm32f4xx_hal_dac_ex.o
 .comment       0x0000001e       0x1f build/stm32f4xx_hal_tim.o
 .comment       0x0000001e       0x1f build/stm32f4xx_hal_tim_ex.o
 .comment       0x0000001e       0x1f build/stm32f4xx_hal_uart.o
 .comment       0x0000001e       0x1f build/system_stm32f4xx.o
 .comment       0x0000001e       0x1f build/stm32f4xx_hal_i2c.o
 .comment       0x0000001e       0x1f build/stm32f4xx_hal_i2c_ex.o
 .comment       0x0000001e       0x1f build/stm32f4xx_hal_spi.o
 .comment       0x0000001e       0x1f build/stm32f4xx_hal_crc.o
 .comment       0x0000001e       0x1f /usr/lib/gcc/arm-none-eabi/14.2.0/../../../../arm-none-eabi/lib/thumb/v7e-m+fp/hard/libc_nano.a(libc_a-memset.o)
 .comment       0x0000001e       0x1f /usr/lib/gcc/arm-none-eabi/14.2.0/../../../../arm-none-eabi/lib/thumb/v7e-m+fp/hard/libc_nano.a(libc_a-init.o)
 .comment       0x0000001e       0x1f /usr/lib/gcc/arm-none-eabi/14.2.0/thumb/v7e-m+fp/hard/libgcc.a(_udivmoddi4.o)

.debug_info     0x00000000    0x1dd01
 .debug_info    0x00000000     0x2b07 build/main.o
 .debug_info    0x00002b07      0x4ae build/stm32f4xx_it.o
 .debug_info    0x00002fb5     0x2059 build/stm32f4xx_hal_msp.o
 .debug_info    0x0000500e     0x105a build/stm32f4xx_hal_adc.o
 .debug_info    0x00006068      0xe05 build/stm32f4xx_hal_adc_ex.o
 .debug_info    0x00006e6d      0xc42 build/stm32f4xx_hal_rcc.o
 .debug_info    0x00007aaf      0x86a build/stm32f4xx_hal_gpio.o
 .debug_info    0x00008319      0xbce build/stm32f4xx_hal_dma.o
 .debug_info    0x00008ee7     0x1216 build/stm32f4xx_hal_cortex.o
 .debug_info    0x0000a0fd      0xb80 build/stm32f4xx_hal.o
 .debug_info    0x0000ac7d      0xcbc build/stm32f4xx_hal_dac.o
 .debug_info    0x0000b939      0x900 build/stm32f4xx_hal_dac_ex.o
 .debug_info    0x0000c239     0x41a0 build/stm32f4xx_hal_tim.o
 .debug_info    0x000103d9     0x1d97 build/stm32f4xx_hal_tim_ex.o
 .debug_info    0x00012170     0x43b5 build/stm32f4xx_hal_uart.o
 .debug_info    0x00016525      0x5d5 build/system_stm32f4xx.o
 .debug_info    0x00016afa     0x3c20 build/stm32f4xx_hal_i2c.o
 .debug_info    0x0001a71a      0x758 build/stm32f4xx_hal_i2c_ex.o
 .debug_info    0x0001ae72     0x1f80 build/stm32f4xx_hal_spi.o
 .debug_info    0x0001cdf2      0x428 build/stm32f4xx_hal_crc.o
 .debug_info    0x0001d21a       0x30 build/startup_stm32f429xx.o
 .debug_info    0x0001d24a       0xe0 /usr/lib/gcc/arm-none-eabi/14.2.0/../../../../arm-none-eabi/lib/thumb/v7e-m+fp/hard/libc_nano.a(libc_a-memset.o)
 .debug_info    0x0001d32a      0x10b /usr/lib/gcc/arm-none-eabi/14.2.0/../../../../arm-none-eabi/lib/thumb/v7e-m+fp/hard/libc_nano.a(libc_a-init.o)
 .debug_info    0x0001d435       0xd3 /usr/lib/gcc/arm-none-eabi/14.2.0/thumb/v7e-m+fp/hard/libgcc.a(_arm_addsubdf3.o)
 .debug_info    0x0001d508       0x57 /usr/lib/gcc/arm-none-eabi/14.2.0/thumb/v7e-m+fp/hard/libgcc.a(_arm_muldivdf3.o)
 .debug_info    0x0001d55f       0x3f /usr/lib/gcc/arm-none-eabi/14.2.0/thumb/v7e-m+fp/hard/libgcc.a(_arm_truncdfsf2.o)
 .debug_info    0x0001d59e       0x24 /usr/lib/gcc/arm-none-eabi/14.2.0/thumb/v7e-m+fp/hard/libgcc.a(_aeabi_uldivmod.o)
 .debug_info    0x0001d5c2      0x703 /usr/lib/gcc/arm-none-eabi/14.2.0/thumb/v7e-m+fp/hard/libgcc.a(_udivmoddi4.o)
 .debug_info    0x0001dcc5       0x3c /usr/lib/gcc/arm-none-eabi/14.2.0/thumb/v7e-m+fp/hard/libgcc.a(_dvmd_tls.o)

.debug_abbrev   0x00000000     0x364d
 .debug_abbrev  0x00000000      0x32f build/main.o
 .debug_abbrev  0x0000032f      0x16b build/stm32f4xx_it.o
 .debug_abbrev  0x0000049a      0x2b0 build/stm32f4xx_hal_msp.o
 .debug_abbrev  0x0000074a      0x2c7 build/stm32f4xx_hal_adc.o
 .debug_abbrev  0x00000a11      0x2ea build/stm32f4xx_hal_adc_ex.o
 .debug_abbrev  0x00000cfb      0x2de build/stm32f4xx_hal_rcc.o
 .debug_abbrev  0x00000fd9      0x22b build/stm32f4xx_hal_gpio.o
 .debug_abbrev  0x00001204      0x2fe build/stm32f4xx_hal_dma.o
 .debug_abbrev  0x00001502      0x3ca build/stm32f4xx_hal_cortex.o
 .debug_abbrev  0x000018cc      0x244 build/stm32f4xx_hal.o
 .debug_abbrev  0x00001b10      0x23c build/stm32f4xx_hal_dac.o
 .debug_abbrev  0x00001d4c      0x23b build/stm32f4xx_hal_dac_ex.o
 .debug_abbrev  0x00001f87      0x2bd build/stm32f4xx_hal_tim.o
 .debug_abbrev  0x00002244      0x2b7 build/stm32f4xx_hal_tim_ex.o
 .debug_abbrev  0x000024fb      0x366 build/stm32f4xx_hal_uart.o
 .debug_abbrev  0x00002861      0x11b build/system_stm32f4xx.o
 .debug_abbrev  0x0000297c      0x328 build/stm32f4xx_hal_i2c.o
 .debug_abbrev  0x00002ca4      0x162 build/stm32f4xx_hal_i2c_ex.o
 .debug_abbrev  0x00002e06      0x2be build/stm32f4xx_hal_spi.o
 .debug_abbrev  0x000030c4      0x1e9 build/stm32f4xx_hal_crc.o
 .debug_abbrev  0x000032ad       0x1d build/startup_stm32f429xx.o
 .debug_abbrev  0x000032ca       0x9e /usr/lib/gcc/arm-none-eabi/14.2.0/../../../../arm-none-eabi/lib/thumb/v7e-m+fp/hard/libc_nano.a(libc_a-memset.o)
 .debug_abbrev  0x00003368       0xc9 /usr/lib/gcc/arm-none-eabi/14.2.0/../../../../arm-none-eabi/lib/thumb/v7e-m+fp/hard/libc_nano.a(libc_a-init.o)
 .debug_abbrev  0x00003431       0x28 /usr/lib/gcc/arm-none-eabi/14.2.0/thumb/v7e-m+fp/hard/libgcc.a(_arm_addsubdf3.o)
 .debug_abbrev  0x00003459       0x28 /usr/lib/gcc/arm-none-eabi/14.2.0/thumb/v7e-m+fp/hard/libgcc.a(_arm_muldivdf3.o)
 .debug_abbrev  0x00003481       0x28 /usr/lib/gcc/arm-none-eabi/14.2.0/thumb/v7e-m+fp/hard/libgcc.a(_arm_truncdfsf2.o)
 .debug_abbrev  0x000034a9       0x14 /usr/lib/gcc/arm-none-eabi/14.2.0/thumb/v7e-m+fp/hard/libgcc.a(_aeabi_uldivmod.o)
 .debug_abbrev  0x000034bd      0x16a /usr/lib/gcc/arm-none-eabi/14.2.0/thumb/v7e-m+fp/hard/libgcc.a(_udivmoddi4.o)
 .debug_abbrev  0x00003627       0x26 /usr/lib/gcc/arm-none-eabi/14.2.0/thumb/v7e-m+fp/hard/libgcc.a(_dvmd_tls.o)

.debug_loc      0x00000000    0x1b276
 .debug_loc     0x00000000      0x494 build/main.o
 .debug_loc     0x00000494       0x60 build/stm32f4xx_it.o
 .debug_loc     0x000004f4      0x5fb build/stm32f4xx_hal_msp.o
 .debug_loc     0x00000aef      0xfce build/stm32f4xx_hal_adc.o
 .debug_loc     0x00001abd      0xda1 build/stm32f4xx_hal_adc_ex.o
 .debug_loc     0x0000285e      0x712 build/stm32f4xx_hal_rcc.o
 .debug_loc     0x00002f70      0x60b build/stm32f4xx_hal_gpio.o
 .debug_loc     0x0000357b      0xe9a build/stm32f4xx_hal_dma.o
 .debug_loc     0x00004415      0x8ff build/stm32f4xx_hal_cortex.o
 .debug_loc     0x00004d14      0x1f9 build/stm32f4xx_hal.o
 .debug_loc     0x00004f0d      0xb06 build/stm32f4xx_hal_dac.o
 .debug_loc     0x00005a13      0x5d0 build/stm32f4xx_hal_dac_ex.o
 .debug_loc     0x00005fe3     0x60a7 build/stm32f4xx_hal_tim.o
 .debug_loc     0x0000c08a     0x2309 build/stm32f4xx_hal_tim_ex.o
 .debug_loc     0x0000e393     0x507d build/stm32f4xx_hal_uart.o
 .debug_loc     0x00013410       0xb0 build/system_stm32f4xx.o
 .debug_loc     0x000134c0     0x545a build/stm32f4xx_hal_i2c.o
 .debug_loc     0x0001891a       0xf7 build/stm32f4xx_hal_i2c_ex.o
 .debug_loc     0x00018a11     0x2590 build/stm32f4xx_hal_spi.o
 .debug_loc     0x0001afa1      0x2d5 build/stm32f4xx_hal_crc.o

.debug_aranges  0x00000000     0x1548
 .debug_aranges
                0x00000000       0xa8 build/main.o
 .debug_aranges
                0x000000a8       0x70 build/stm32f4xx_it.o
 .debug_aranges
                0x00000118       0x90 build/stm32f4xx_hal_msp.o
 .debug_aranges
                0x000001a8       0xe8 build/stm32f4xx_hal_adc.o
 .debug_aranges
                0x00000290       0x90 build/stm32f4xx_hal_adc_ex.o
 .debug_aranges
                0x00000320       0x88 build/stm32f4xx_hal_rcc.o
 .debug_aranges
                0x000003a8       0x58 build/stm32f4xx_hal_gpio.o
 .debug_aranges
                0x00000400       0x90 build/stm32f4xx_hal_dma.o
 .debug_aranges
                0x00000490       0xf8 build/stm32f4xx_hal_cortex.o
 .debug_aranges
                0x00000588      0x100 build/stm32f4xx_hal.o
 .debug_aranges
                0x00000688       0xc0 build/stm32f4xx_hal_dac.o
 .debug_aranges
                0x00000748       0x80 build/stm32f4xx_hal_dac_ex.o
 .debug_aranges
                0x000007c8      0x3d0 build/stm32f4xx_hal_tim.o
 .debug_aranges
                0x00000b98      0x168 build/stm32f4xx_hal_tim_ex.o
 .debug_aranges
                0x00000d00      0x208 build/stm32f4xx_hal_uart.o
 .debug_aranges
                0x00000f08       0x28 build/system_stm32f4xx.o
 .debug_aranges
                0x00000f30      0x2a8 build/stm32f4xx_hal_i2c.o
 .debug_aranges
                0x000011d8       0x28 build/stm32f4xx_hal_i2c_ex.o
 .debug_aranges
                0x00001200      0x1d0 build/stm32f4xx_hal_spi.o
 .debug_aranges
                0x000013d0       0x50 build/stm32f4xx_hal_crc.o
 .debug_aranges
                0x00001420       0x28 build/startup_stm32f429xx.o
 .debug_aranges
                0x00001448       0x20 /usr/lib/gcc/arm-none-eabi/14.2.0/../../../../arm-none-eabi/lib/thumb/v7e-m+fp/hard/libc_nano.a(libc_a-memset.o)
 .debug_aranges
                0x00001468       0x20 /usr/lib/gcc/arm-none-eabi/14.2.0/../../../../arm-none-eabi/lib/thumb/v7e-m+fp/hard/libc_nano.a(libc_a-init.o)
 .debug_aranges
                0x00001488       0x20 /usr/lib/gcc/arm-none-eabi/14.2.0/thumb/v7e-m+fp/hard/libgcc.a(_arm_addsubdf3.o)
 .debug_aranges
                0x000014a8       0x20 /usr/lib/gcc/arm-none-eabi/14.2.0/thumb/v7e-m+fp/hard/libgcc.a(_arm_muldivdf3.o)
 .debug_aranges
                0x000014c8       0x20 /usr/lib/gcc/arm-none-eabi/14.2.0/thumb/v7e-m+fp/hard/libgcc.a(_arm_truncdfsf2.o)
 .debug_aranges
                0x000014e8       0x20 /usr/lib/gcc/arm-none-eabi/14.2.0/thumb/v7e-m+fp/hard/libgcc.a(_aeabi_uldivmod.o)
 .debug_aranges
                0x00001508       0x20 /usr/lib/gcc/arm-none-eabi/14.2.0/thumb/v7e-m+fp/hard/libgcc.a(_udivmoddi4.o)
 .debug_aranges
                0x00001528       0x20 /usr/lib/gcc/arm-none-eabi/14.2.0/thumb/v7e-m+fp/hard/libgcc.a(_dvmd_tls.o)

.debug_ranges   0x00000000     0x1330
 .debug_ranges  0x00000000       0x98 build/main.o
 .debug_ranges  0x00000098       0x60 build/stm32f4xx_it.o
 .debug_ranges  0x000000f8       0x80 build/stm32f4xx_hal_msp.o
 .debug_ranges  0x00000178       0xd8 build/stm32f4xx_hal_adc.o
 .debug_ranges  0x00000250       0x80 build/stm32f4xx_hal_adc_ex.o
 .debug_ranges  0x000002d0       0x90 build/stm32f4xx_hal_rcc.o
 .debug_ranges  0x00000360       0x48 build/stm32f4xx_hal_gpio.o
 .debug_ranges  0x000003a8       0x80 build/stm32f4xx_hal_dma.o
 .debug_ranges  0x00000428       0xe8 build/stm32f4xx_hal_cortex.o
 .debug_ranges  0x00000510       0xf0 build/stm32f4xx_hal.o
 .debug_ranges  0x00000600       0xb0 build/stm32f4xx_hal_dac.o
 .debug_ranges  0x000006b0       0x70 build/stm32f4xx_hal_dac_ex.o
 .debug_ranges  0x00000720      0x3c0 build/stm32f4xx_hal_tim.o
 .debug_ranges  0x00000ae0      0x158 build/stm32f4xx_hal_tim_ex.o
 .debug_ranges  0x00000c38      0x1f8 build/stm32f4xx_hal_uart.o
 .debug_ranges  0x00000e30       0x18 build/system_stm32f4xx.o
 .debug_ranges  0x00000e48      0x2b0 build/stm32f4xx_hal_i2c.o
 .debug_ranges  0x000010f8       0x18 build/stm32f4xx_hal_i2c_ex.o
 .debug_ranges  0x00001110      0x1c0 build/stm32f4xx_hal_spi.o
 .debug_ranges  0x000012d0       0x40 build/stm32f4xx_hal_crc.o
 .debug_ranges  0x00001310       0x20 build/startup_stm32f429xx.o

.debug_line     0x00000000    0x18960
 .debug_line    0x00000000      0xb04 build/main.o
 .debug_line    0x00000b04      0x236 build/stm32f4xx_it.o
 .debug_line    0x00000d3a      0x768 build/stm32f4xx_hal_msp.o
 .debug_line    0x000014a2     0x1028 build/stm32f4xx_hal_adc.o
 .debug_line    0x000024ca      0xb8c build/stm32f4xx_hal_adc_ex.o
 .debug_line    0x00003056      0xb72 build/stm32f4xx_hal_rcc.o
 .debug_line    0x00003bc8      0x6c5 build/stm32f4xx_hal_gpio.o
 .debug_line    0x0000428d      0xdc8 build/stm32f4xx_hal_dma.o
 .debug_line    0x00005055      0x7d2 build/stm32f4xx_hal_cortex.o
 .debug_line    0x00005827      0x547 build/stm32f4xx_hal.o
 .debug_line    0x00005d6e      0x7ae build/stm32f4xx_hal_dac.o
 .debug_line    0x0000651c      0x451 build/stm32f4xx_hal_dac_ex.o
 .debug_line    0x0000696d     0x46bd build/stm32f4xx_hal_tim.o
 .debug_line    0x0000b02a     0x19ef build/stm32f4xx_hal_tim_ex.o
 .debug_line    0x0000ca19     0x34a2 build/stm32f4xx_hal_uart.o
 .debug_line    0x0000febb      0x1f0 build/system_stm32f4xx.o
 .debug_line    0x000100ab     0x5381 build/stm32f4xx_hal_i2c.o
 .debug_line    0x0001542c      0x226 build/stm32f4xx_hal_i2c_ex.o
 .debug_line    0x00015652     0x23d5 build/stm32f4xx_hal_spi.o
 .debug_line    0x00017a27      0x346 build/stm32f4xx_hal_crc.o
 .debug_line    0x00017d6d       0x73 build/startup_stm32f429xx.o
 .debug_line    0x00017de0      0x123 /usr/lib/gcc/arm-none-eabi/14.2.0/../../../../arm-none-eabi/lib/thumb/v7e-m+fp/hard/libc_nano.a(libc_a-memset.o)
 .debug_line    0x00017f03      0x115 /usr/lib/gcc/arm-none-eabi/14.2.0/../../../../arm-none-eabi/lib/thumb/v7e-m+fp/hard/libc_nano.a(libc_a-init.o)
 .debug_line    0x00018018      0x16f /usr/lib/gcc/arm-none-eabi/14.2.0/thumb/v7e-m+fp/hard/libgcc.a(_arm_addsubdf3.o)
 .debug_line    0x00018187      0x184 /usr/lib/gcc/arm-none-eabi/14.2.0/thumb/v7e-m+fp/hard/libgcc.a(_arm_muldivdf3.o)
 .debug_line    0x0001830b       0x76 /usr/lib/gcc/arm-none-eabi/14.2.0/thumb/v7e-m+fp/hard/libgcc.a(_arm_truncdfsf2.o)
 .debug_line    0x00018381       0x4e /usr/lib/gcc/arm-none-eabi/14.2.0/thumb/v7e-m+fp/hard/libgcc.a(_aeabi_uldivmod.o)
 .debug_line    0x000183cf      0x547 /usr/lib/gcc/arm-none-eabi/14.2.0/thumb/v7e-m+fp/hard/libgcc.a(_udivmoddi4.o)
 .debug_line    0x00018916       0x4a /usr/lib/gcc/arm-none-eabi/14.2.0/thumb/v7e-m+fp/hard/libgcc.a(_dvmd_tls.o)

.debug_str      0x00000000     0x6587
 .debug_str     0x00000000     0x6587 build/main.o
                               0x1c43 (size before relaxing)
 .debug_str     0x00006587      0x4b0 build/stm32f4xx_it.o
 .debug_str     0x00006587     0x133d build/stm32f4xx_hal_msp.o
 .debug_str     0x00006587      0x931 build/stm32f4xx_hal_adc.o
 .debug_str     0x00006587      0x985 build/stm32f4xx_hal_adc_ex.o
 .debug_str     0x00006587      0x6e8 build/stm32f4xx_hal_rcc.o
 .debug_str     0x00006587      0x4c2 build/stm32f4xx_hal_gpio.o
 .debug_str     0x00006587      0x745 build/stm32f4xx_hal_dma.o
 .debug_str     0x00006587      0xca8 build/stm32f4xx_hal_cortex.o
 .debug_str     0x00006587      0xbe5 build/stm32f4xx_hal.o
 .debug_str     0x00006587      0x7c6 build/stm32f4xx_hal_dac.o
 .debug_str     0x00006587      0x6a1 build/stm32f4xx_hal_dac_ex.o
 .debug_str     0x00006587     0x16ce build/stm32f4xx_hal_tim.o
 .debug_str     0x00006587      0xeda build/stm32f4xx_hal_tim_ex.o
 .debug_str     0x00006587      0xd6a build/stm32f4xx_hal_uart.o
 .debug_str     0x00006587      0x352 build/system_stm32f4xx.o
 .debug_str     0x00006587     0x1011 build/stm32f4xx_hal_i2c.o
 .debug_str     0x00006587      0x726 build/stm32f4xx_hal_i2c_ex.o
 .debug_str     0x00006587      0xbc3 build/stm32f4xx_hal_spi.o
 .debug_str     0x00006587      0x372 build/stm32f4xx_hal_crc.o
 .debug_str     0x00006587       0x58 build/startup_stm32f429xx.o
 .debug_str     0x00006587      0x1bf /usr/lib/gcc/arm-none-eabi/14.2.0/../../../../arm-none-eabi/lib/thumb/v7e-m+fp/hard/libc_nano.a(libc_a-memset.o)
 .debug_str     0x00006587      0x220 /usr/lib/gcc/arm-none-eabi/14.2.0/../../../../arm-none-eabi/lib/thumb/v7e-m+fp/hard/libc_nano.a(libc_a-init.o)
 .debug_str     0x00006587      0x14f /usr/lib/gcc/arm-none-eabi/14.2.0/thumb/v7e-m+fp/hard/libgcc.a(_arm_addsubdf3.o)
 .debug_str     0x00006587       0xcf /usr/lib/gcc/arm-none-eabi/14.2.0/thumb/v7e-m+fp/hard/libgcc.a(_arm_muldivdf3.o)
 .debug_str     0x00006587       0xbc /usr/lib/gcc/arm-none-eabi/14.2.0/thumb/v7e-m+fp/hard/libgcc.a(_arm_truncdfsf2.o)
 .debug_str     0x00006587       0x9e /usr/lib/gcc/arm-none-eabi/14.2.0/thumb/v7e-m+fp/hard/libgcc.a(_aeabi_uldivmod.o)
 .debug_str     0x00006587      0x6b6 /usr/lib/gcc/arm-none-eabi/14.2.0/thumb/v7e-m+fp/hard/libgcc.a(_udivmoddi4.o)
 .debug_str     0x00006587       0xbe /usr/lib/gcc/arm-none-eabi/14.2.0/thumb/v7e-m+fp/hard/libgcc.a(_dvmd_tls.o)

.debug_frame    0x00000000     0x3bf8
 .debug_frame   0x00000000      0x200 build/main.o
 .debug_frame   0x00000200       0xd8 build/stm32f4xx_it.o
 .debug_frame   0x000002d8      0x1ac build/stm32f4xx_hal_msp.o
 .debug_frame   0x00000484      0x268 build/stm32f4xx_hal_adc.o
 .debug_frame   0x000006ec      0x18c build/stm32f4xx_hal_adc_ex.o
 .debug_frame   0x00000878      0x16c build/stm32f4xx_hal_rcc.o
 .debug_frame   0x000009e4       0xd8 build/stm32f4xx_hal_gpio.o
 .debug_frame   0x00000abc      0x188 build/stm32f4xx_hal_dma.o
 .debug_frame   0x00000c44      0x214 build/stm32f4xx_hal_cortex.o
 .debug_frame   0x00000e58      0x20c build/stm32f4xx_hal.o
 .debug_frame   0x00001064      0x1f0 build/stm32f4xx_hal_dac.o
 .debug_frame   0x00001254      0x110 build/stm32f4xx_hal_dac_ex.o
 .debug_frame   0x00001364      0xb10 build/stm32f4xx_hal_tim.o
 .debug_frame   0x00001e74      0x418 build/stm32f4xx_hal_tim_ex.o
 .debug_frame   0x0000228c      0x5e0 build/stm32f4xx_hal_uart.o
 .debug_frame   0x0000286c       0x30 build/system_stm32f4xx.o
 .debug_frame   0x0000289c      0x988 build/stm32f4xx_hal_i2c.o
 .debug_frame   0x00003224       0x30 build/stm32f4xx_hal_i2c_ex.o
 .debug_frame   0x00003254      0x5b4 build/stm32f4xx_hal_spi.o
 .debug_frame   0x00003808       0xb8 build/stm32f4xx_hal_crc.o
 .debug_frame   0x000038c0       0x20 /usr/lib/gcc/arm-none-eabi/14.2.0/../../../../arm-none-eabi/lib/thumb/v7e-m+fp/hard/libc_nano.a(libc_a-memset.o)
 .debug_frame   0x000038e0       0x2c /usr/lib/gcc/arm-none-eabi/14.2.0/../../../../arm-none-eabi/lib/thumb/v7e-m+fp/hard/libc_nano.a(libc_a-init.o)
 .debug_frame   0x0000390c       0x34 /usr/lib/gcc/arm-none-eabi/14.2.0/../../../../arm-none-eabi/lib/thumb/v7e-m+fp/hard/libm.a(libm_a-sf_sin.o)
 .debug_frame   0x00003940       0x20 /usr/lib/gcc/arm-none-eabi/14.2.0/../../../../arm-none-eabi/lib/thumb/v7e-m+fp/hard/libm.a(libm_a-kf_cos.o)
 .debug_frame   0x00003960       0x20 /usr/lib/gcc/arm-none-eabi/14.2.0/../../../../arm-none-eabi/lib/thumb/v7e-m+fp/hard/libm.a(libm_a-kf_sin.o)
 .debug_frame   0x00003980       0x3c /usr/lib/gcc/arm-none-eabi/14.2.0/../../../../arm-none-eabi/lib/thumb/v7e-m+fp/hard/libm.a(libm_a-ef_rem_pio2.o)
 .debug_frame   0x000039bc       0x20 /usr/lib/gcc/arm-none-eabi/14.2.0/../../../../arm-none-eabi/lib/thumb/v7e-m+fp/hard/libm.a(libm_a-sf_fabs.o)
 .debug_frame   0x000039dc       0x5c /usr/lib/gcc/arm-none-eabi/14.2.0/../../../../arm-none-eabi/lib/thumb/v7e-m+fp/hard/libm.a(libm_a-kf_rem_pio2.o)
 .debug_frame   0x00003a38       0x20 /usr/lib/gcc/arm-none-eabi/14.2.0/../../../../arm-none-eabi/lib/thumb/v7e-m+fp/hard/libm.a(libm_a-sf_scalbn.o)
 .debug_frame   0x00003a58       0x20 /usr/lib/gcc/arm-none-eabi/14.2.0/../../../../arm-none-eabi/lib/thumb/v7e-m+fp/hard/libm.a(libm_a-sf_floor.o)
 .debug_frame   0x00003a78       0xac /usr/lib/gcc/arm-none-eabi/14.2.0/thumb/v7e-m+fp/hard/libgcc.a(_arm_addsubdf3.o)
 .debug_frame   0x00003b24       0x50 /usr/lib/gcc/arm-none-eabi/14.2.0/thumb/v7e-m+fp/hard/libgcc.a(_arm_muldivdf3.o)
 .debug_frame   0x00003b74       0x24 /usr/lib/gcc/arm-none-eabi/14.2.0/thumb/v7e-m+fp/hard/libgcc.a(_arm_truncdfsf2.o)
 .debug_frame   0x00003b98       0x2c /usr/lib/gcc/arm-none-eabi/14.2.0/thumb/v7e-m+fp/hard/libgcc.a(_aeabi_uldivmod.o)
 .debug_frame   0x00003bc4       0x34 /usr/lib/gcc/arm-none-eabi/14.2.0/thumb/v7e-m+fp/hard/libgcc.a(_udivmoddi4.o)

.debug_loclists
                0x00000000     0x2078
 .debug_loclists
                0x00000000       0x4d /usr/lib/gcc/arm-none-eabi/14.2.0/../../../../arm-none-eabi/lib/thumb/v7e-m+fp/hard/libc_nano.a(libc_a-memset.o)
 .debug_loclists
                0x0000004d       0x54 /usr/lib/gcc/arm-none-eabi/14.2.0/../../../../arm-none-eabi/lib/thumb/v7e-m+fp/hard/libc_nano.a(libc_a-init.o)
 .debug_loclists
                0x000000a1       0x75 /usr/lib/gcc/arm-none-eabi/14.2.0/../../../../arm-none-eabi/lib/thumb/v7e-m+fp/hard/libm.a(libm_a-sf_sin.o)
 .debug_loclists
                0x00000116      0x168 /usr/lib/gcc/arm-none-eabi/14.2.0/../../../../arm-none-eabi/lib/thumb/v7e-m+fp/hard/libm.a(libm_a-kf_cos.o)
 .debug_loclists
                0x0000027e       0xcd /usr/lib/gcc/arm-none-eabi/14.2.0/../../../../arm-none-eabi/lib/thumb/v7e-m+fp/hard/libm.a(libm_a-kf_sin.o)
 .debug_loclists
                0x0000034b      0x3ca /usr/lib/gcc/arm-none-eabi/14.2.0/../../../../arm-none-eabi/lib/thumb/v7e-m+fp/hard/libm.a(libm_a-ef_rem_pio2.o)
 .debug_loclists
                0x00000715       0x5c /usr/lib/gcc/arm-none-eabi/14.2.0/../../../../arm-none-eabi/lib/thumb/v7e-m+fp/hard/libm.a(libm_a-sf_fabs.o)
 .debug_loclists
                0x00000771      0xbd2 /usr/lib/gcc/arm-none-eabi/14.2.0/../../../../arm-none-eabi/lib/thumb/v7e-m+fp/hard/libm.a(libm_a-kf_rem_pio2.o)
 .debug_loclists
                0x00001343      0x234 /usr/lib/gcc/arm-none-eabi/14.2.0/../../../../arm-none-eabi/lib/thumb/v7e-m+fp/hard/libm.a(libm_a-sf_scalbn.o)
 .debug_loclists
                0x00001577      0x17d /usr/lib/gcc/arm-none-eabi/14.2.0/../../../../arm-none-eabi/lib/thumb/v7e-m+fp/hard/libm.a(libm_a-sf_floor.o)
 .debug_loclists
                0x000016f4      0x984 /usr/lib/gcc/arm-none-eabi/14.2.0/thumb/v7e-m+fp/hard/libgcc.a(_udivmoddi4.o)

.debug_rnglists
                0x00000000      0x18f
 .debug_rnglists
                0x00000000       0x13 /usr/lib/gcc/arm-none-eabi/14.2.0/../../../../arm-none-eabi/lib/thumb/v7e-m+fp/hard/libc_nano.a(libc_a-memset.o)
 .debug_rnglists
                0x00000013       0x13 /usr/lib/gcc/arm-none-eabi/14.2.0/../../../../arm-none-eabi/lib/thumb/v7e-m+fp/hard/libc_nano.a(libc_a-init.o)
 .debug_rnglists
                0x00000026       0x1f /usr/lib/gcc/arm-none-eabi/14.2.0/../../../../arm-none-eabi/lib/thumb/v7e-m+fp/hard/libm.a(libm_a-sf_sin.o)
 .debug_rnglists
                0x00000045       0x14 /usr/lib/gcc/arm-none-eabi/14.2.0/../../../../arm-none-eabi/lib/thumb/v7e-m+fp/hard/libm.a(libm_a-kf_cos.o)
 .debug_rnglists
                0x00000059       0x14 /usr/lib/gcc/arm-none-eabi/14.2.0/../../../../arm-none-eabi/lib/thumb/v7e-m+fp/hard/libm.a(libm_a-kf_sin.o)
 .debug_rnglists
                0x0000006d       0x30 /usr/lib/gcc/arm-none-eabi/14.2.0/../../../../arm-none-eabi/lib/thumb/v7e-m+fp/hard/libm.a(libm_a-ef_rem_pio2.o)
 .debug_rnglists
                0x0000009d       0x13 /usr/lib/gcc/arm-none-eabi/14.2.0/../../../../arm-none-eabi/lib/thumb/v7e-m+fp/hard/libm.a(libm_a-sf_fabs.o)
 .debug_rnglists
                0x000000b0       0x14 /usr/lib/gcc/arm-none-eabi/14.2.0/../../../../arm-none-eabi/lib/thumb/v7e-m+fp/hard/libm.a(libm_a-kf_rem_pio2.o)
 .debug_rnglists
                0x000000c4       0x38 /usr/lib/gcc/arm-none-eabi/14.2.0/../../../../arm-none-eabi/lib/thumb/v7e-m+fp/hard/libm.a(libm_a-sf_scalbn.o)
 .debug_rnglists
                0x000000fc       0x20 /usr/lib/gcc/arm-none-eabi/14.2.0/../../../../arm-none-eabi/lib/thumb/v7e-m+fp/hard/libm.a(libm_a-sf_floor.o)
 .debug_rnglists
                0x0000011c       0x73 /usr/lib/gcc/arm-none-eabi/14.2.0/thumb/v7e-m+fp/hard/libgcc.a(_udivmoddi4.o)

.debug_line_str
                0x00000000       0xab
 .debug_line_str
                0x00000000       0xab /usr/lib/gcc/arm-none-eabi/14.2.0/thumb/v7e-m+fp/hard/libgcc.a(_arm_addsubdf3.o)
                                 0x97 (size before relaxing)
 .debug_line_str
                0x000000ab       0x97 /usr/lib/gcc/arm-none-eabi/14.2.0/thumb/v7e-m+fp/hard/libgcc.a(_arm_muldivdf3.o)
 .debug_line_str
                0x000000ab       0x97 /usr/lib/gcc/arm-none-eabi/14.2.0/thumb/v7e-m+fp/hard/libgcc.a(_arm_truncdfsf2.o)
 .debug_line_str
                0x000000ab       0x92 /usr/lib/gcc/arm-none-eabi/14.2.0/thumb/v7e-m+fp/hard/libgcc.a(_aeabi_uldivmod.o)
 .debug_line_str
                0x000000ab       0x96 /usr/lib/gcc/arm-none-eabi/14.2.0/thumb/v7e-m+fp/hard/libgcc.a(_dvmd_tls.o)

Cross Reference Table

Symbol                                            File
ADC_IRQHandler                                    build/startup_stm32f429xx.o
AHBPrescTable                                     build/system_stm32f4xx.o
                                                  build/stm32f4xx_hal_rcc.o
APBPrescTable                                     build/system_stm32f4xx.o
                                                  build/stm32f4xx_hal_rcc.o
BusFault_Handler                                  build/stm32f4xx_it.o
CAN1_RX0_IRQHandler                               build/startup_stm32f429xx.o
CAN1_RX1_IRQHandler                               build/startup_stm32f429xx.o
CAN1_SCE_IRQHandler                               build/startup_stm32f429xx.o
CAN1_TX_IRQHandler                                build/startup_stm32f429xx.o
CAN2_RX0_IRQHandler                               build/startup_stm32f429xx.o
CAN2_RX1_IRQHandler                               build/startup_stm32f429xx.o
CAN2_SCE_IRQHandler                               build/startup_stm32f429xx.o
CAN2_TX_IRQHandler                                build/startup_stm32f429xx.o
DAC_DMAConvCpltCh1                                build/stm32f4xx_hal_dac.o
DAC_DMAConvCpltCh2                                build/stm32f4xx_hal_dac_ex.o
                                                  build/stm32f4xx_hal_dac.o
DAC_DMAErrorCh1                                   build/stm32f4xx_hal_dac.o
DAC_DMAErrorCh2                                   build/stm32f4xx_hal_dac_ex.o
                                                  build/stm32f4xx_hal_dac.o
DAC_DMAHalfConvCpltCh1                            build/stm32f4xx_hal_dac.o
DAC_DMAHalfConvCpltCh2                            build/stm32f4xx_hal_dac_ex.o
                                                  build/stm32f4xx_hal_dac.o
DCMI_IRQHandler                                   build/startup_stm32f429xx.o
DMA1_Stream0_IRQHandler                           build/startup_stm32f429xx.o
DMA1_Stream1_IRQHandler                           build/startup_stm32f429xx.o
DMA1_Stream2_IRQHandler                           build/startup_stm32f429xx.o
DMA1_Stream3_IRQHandler                           build/startup_stm32f429xx.o
DMA1_Stream4_IRQHandler                           build/startup_stm32f429xx.o
DMA1_Stream5_IRQHandler                           build/startup_stm32f429xx.o
DMA1_Stream6_IRQHandler                           build/stm32f4xx_it.o
DMA1_Stream7_IRQHandler                           build/startup_stm32f429xx.o
DMA2D_IRQHandler                                  build/startup_stm32f429xx.o
DMA2_Stream0_IRQHandler                           build/stm32f4xx_it.o
DMA2_Stream1_IRQHandler                           build/startup_stm32f429xx.o
DMA2_Stream2_IRQHandler                           build/startup_stm32f429xx.o
DMA2_Stream3_IRQHandler                           build/startup_stm32f429xx.o
DMA2_Stream4_IRQHandler                           build/startup_stm32f429xx.o
DMA2_Stream5_IRQHandler                           build/startup_stm32f429xx.o
DMA2_Stream6_IRQHandler                           build/startup_stm32f429xx.o
DMA2_Stream7_IRQHandler                           build/startup_stm32f429xx.o
DebugMon_Handler                                  build/stm32f4xx_it.o
Default_Handler                                   build/startup_stm32f429xx.o
ETH_IRQHandler                                    build/startup_stm32f429xx.o
ETH_WKUP_IRQHandler                               build/startup_stm32f429xx.o
EXTI0_IRQHandler                                  build/startup_stm32f429xx.o
EXTI15_10_IRQHandler                              build/startup_stm32f429xx.o
EXTI1_IRQHandler                                  build/startup_stm32f429xx.o
EXTI2_IRQHandler                                  build/startup_stm32f429xx.o
EXTI3_IRQHandler                                  build/startup_stm32f429xx.o
EXTI4_IRQHandler                                  build/startup_stm32f429xx.o
EXTI9_5_IRQHandler                                build/startup_stm32f429xx.o
Error_Handler                                     build/main.o
                                                  build/stm32f4xx_hal_msp.o
FLASH_Erase_Sector                                build/stm32f4xx_hal_flash_ex.o
                                                  build/stm32f4xx_hal_flash.o
FLASH_FlushCaches                                 build/stm32f4xx_hal_flash_ex.o
                                                  build/stm32f4xx_hal_flash.o
FLASH_IRQHandler                                  build/startup_stm32f429xx.o
FLASH_WaitForLastOperation                        build/stm32f4xx_hal_flash.o
                                                  build/stm32f4xx_hal_flash_ex.o
FMC_IRQHandler                                    build/startup_stm32f429xx.o
FPU_IRQHandler                                    build/startup_stm32f429xx.o
GenerateSine                                      build/main.o
HAL_ADCEx_InjectedConfigChannel                   build/stm32f4xx_hal_adc_ex.o
HAL_ADCEx_InjectedConvCpltCallback                build/stm32f4xx_hal_adc_ex.o
                                                  build/stm32f4xx_hal_adc.o
HAL_ADCEx_InjectedGetValue                        build/stm32f4xx_hal_adc_ex.o
HAL_ADCEx_InjectedPollForConversion               build/stm32f4xx_hal_adc_ex.o
HAL_ADCEx_InjectedStart                           build/stm32f4xx_hal_adc_ex.o
HAL_ADCEx_InjectedStart_IT                        build/stm32f4xx_hal_adc_ex.o
HAL_ADCEx_InjectedStop                            build/stm32f4xx_hal_adc_ex.o
HAL_ADCEx_InjectedStop_IT                         build/stm32f4xx_hal_adc_ex.o
HAL_ADCEx_MultiModeConfigChannel                  build/stm32f4xx_hal_adc_ex.o
                                                  build/main.o
HAL_ADCEx_MultiModeGetValue                       build/stm32f4xx_hal_adc_ex.o
HAL_ADCEx_MultiModeStart_DMA                      build/stm32f4xx_hal_adc_ex.o
HAL_ADCEx_MultiModeStop_DMA                       build/stm32f4xx_hal_adc_ex.o
HAL_ADC_AnalogWDGConfig                           build/stm32f4xx_hal_adc.o
HAL_ADC_ConfigChannel                             build/stm32f4xx_hal_adc.o
                                                  build/main.o
HAL_ADC_ConvCpltCallback                          build/stm32f4xx_hal_adc.o
                                                  build/stm32f4xx_hal_adc_ex.o
HAL_ADC_ConvHalfCpltCallback                      build/stm32f4xx_hal_adc.o
                                                  build/stm32f4xx_hal_adc_ex.o
HAL_ADC_DeInit                                    build/stm32f4xx_hal_adc.o
HAL_ADC_ErrorCallback                             build/stm32f4xx_hal_adc.o
                                                  build/stm32f4xx_hal_adc_ex.o
HAL_ADC_GetError                                  build/stm32f4xx_hal_adc.o
HAL_ADC_GetState                                  build/stm32f4xx_hal_adc.o
HAL_ADC_GetValue                                  build/stm32f4xx_hal_adc.o
HAL_ADC_IRQHandler                                build/stm32f4xx_hal_adc.o
HAL_ADC_Init                                      build/stm32f4xx_hal_adc.o
                                                  build/main.o
HAL_ADC_LevelOutOfWindowCallback                  build/stm32f4xx_hal_adc.o
HAL_ADC_MspDeInit                                 build/stm32f4xx_hal_msp.o
HAL_ADC_MspInit                                   build/stm32f4xx_hal_msp.o
HAL_ADC_PollForConversion                         build/stm32f4xx_hal_adc.o
HAL_ADC_PollForEvent                              build/stm32f4xx_hal_adc.o
HAL_ADC_Start                                     build/stm32f4xx_hal_adc.o
HAL_ADC_Start_DMA                                 build/stm32f4xx_hal_adc.o
HAL_ADC_Start_IT                                  build/stm32f4xx_hal_adc.o
HAL_ADC_Stop                                      build/stm32f4xx_hal_adc.o
HAL_ADC_Stop_DMA                                  build/stm32f4xx_hal_adc.o
HAL_ADC_Stop_IT                                   build/stm32f4xx_hal_adc.o
HAL_CORTEX_ClearEvent                             build/stm32f4xx_hal_cortex.o
HAL_CRC_Accumulate                                build/stm32f4xx_hal_crc.o
HAL_CRC_Calculate                                 build/stm32f4xx_hal_crc.o
HAL_CRC_DeInit                                    build/stm32f4xx_hal_crc.o
HAL_CRC_GetState                                  build/stm32f4xx_hal_crc.o
HAL_CRC_Init                                      build/stm32f4xx_hal_crc.o
                                                  build/main.o
HAL_CRC_MspDeInit                                 build/stm32f4xx_hal_msp.o
HAL_CRC_MspInit                                   build/stm32f4xx_hal_msp.o
HAL_DACEx_ConvCpltCallbackCh2                     build/stm32f4xx_hal_dac_ex.o
HAL_DACEx_ConvHalfCpltCallbackCh2                 build/stm32f4xx_hal_dac_ex.o
HAL_DACEx_DMAUnderrunCallbackCh2                  build/stm32f4xx_hal_dac_ex.o
                                                  build/stm32f4xx_hal_dac.o
HAL_DACEx_DualGetValue                            build/stm32f4xx_hal_dac_ex.o
HAL_DACEx_DualSetValue                            build/stm32f4xx_hal_dac_ex.o
HAL_DACEx_DualStart                               build/stm32f4xx_hal_dac_ex.o
HAL_DACEx_DualStop                                build/stm32f4xx_hal_dac_ex.o
HAL_DACEx_ErrorCallbackCh2                        build/stm32f4xx_hal_dac_ex.o
HAL_DACEx_NoiseWaveGenerate                       build/stm32f4xx_hal_dac_ex.o
HAL_DACEx_TriangleWaveGenerate                    build/stm32f4xx_hal_dac_ex.o
HAL_DAC_ConfigChannel                             build/stm32f4xx_hal_dac.o
                                                  build/main.o
HAL_DAC_ConvCpltCallbackCh1                       build/stm32f4xx_hal_dac.o
HAL_DAC_ConvHalfCpltCallbackCh1                   build/stm32f4xx_hal_dac.o
HAL_DAC_DMAUnderrunCallbackCh1                    build/stm32f4xx_hal_dac.o
HAL_DAC_DeInit                                    build/stm32f4xx_hal_dac.o
HAL_DAC_ErrorCallbackCh1                          build/stm32f4xx_hal_dac.o
HAL_DAC_GetError                                  build/stm32f4xx_hal_dac.o
HAL_DAC_GetState                                  build/stm32f4xx_hal_dac.o
HAL_DAC_GetValue                                  build/stm32f4xx_hal_dac.o
HAL_DAC_IRQHandler                                build/stm32f4xx_hal_dac.o
HAL_DAC_Init                                      build/stm32f4xx_hal_dac.o
                                                  build/main.o
HAL_DAC_MspDeInit                                 build/stm32f4xx_hal_msp.o
HAL_DAC_MspInit                                   build/stm32f4xx_hal_msp.o
HAL_DAC_SetValue                                  build/stm32f4xx_hal_dac.o
HAL_DAC_Start                                     build/stm32f4xx_hal_dac.o
HAL_DAC_Start_DMA                                 build/stm32f4xx_hal_dac.o
                                                  build/main.o
HAL_DAC_Stop                                      build/stm32f4xx_hal_dac.o
HAL_DAC_Stop_DMA                                  build/stm32f4xx_hal_dac.o
HAL_DBGMCU_DisableDBGSleepMode                    build/stm32f4xx_hal.o
HAL_DBGMCU_DisableDBGStandbyMode                  build/stm32f4xx_hal.o
HAL_DBGMCU_DisableDBGStopMode                     build/stm32f4xx_hal.o
HAL_DBGMCU_EnableDBGSleepMode                     build/stm32f4xx_hal.o
HAL_DBGMCU_EnableDBGStandbyMode                   build/stm32f4xx_hal.o
HAL_DBGMCU_EnableDBGStopMode                      build/stm32f4xx_hal.o
HAL_DMAEx_ChangeMemory                            build/stm32f4xx_hal_dma_ex.o
HAL_DMAEx_MultiBufferStart                        build/stm32f4xx_hal_dma_ex.o
HAL_DMAEx_MultiBufferStart_IT                     build/stm32f4xx_hal_dma_ex.o
HAL_DMA_Abort                                     build/stm32f4xx_hal_dma.o
                                                  build/stm32f4xx_hal_spi.o
                                                  build/stm32f4xx_hal_uart.o
                                                  build/stm32f4xx_hal_dac.o
                                                  build/stm32f4xx_hal_adc_ex.o
                                                  build/stm32f4xx_hal_adc.o
HAL_DMA_Abort_IT                                  build/stm32f4xx_hal_dma.o
                                                  build/stm32f4xx_hal_spi.o
                                                  build/stm32f4xx_hal_i2c.o
                                                  build/stm32f4xx_hal_uart.o
                                                  build/stm32f4xx_hal_tim_ex.o
                                                  build/stm32f4xx_hal_tim.o
HAL_DMA_DeInit                                    build/stm32f4xx_hal_dma.o
                                                  build/stm32f4xx_hal_msp.o
HAL_DMA_GetError                                  build/stm32f4xx_hal_dma.o
                                                  build/stm32f4xx_hal_i2c.o
                                                  build/stm32f4xx_hal_uart.o
HAL_DMA_GetState                                  build/stm32f4xx_hal_dma.o
                                                  build/stm32f4xx_hal_i2c.o
HAL_DMA_IRQHandler                                build/stm32f4xx_hal_dma.o
                                                  build/stm32f4xx_it.o
HAL_DMA_Init                                      build/stm32f4xx_hal_dma.o
                                                  build/stm32f4xx_hal_msp.o
HAL_DMA_PollForTransfer                           build/stm32f4xx_hal_dma.o
HAL_DMA_RegisterCallback                          build/stm32f4xx_hal_dma.o
HAL_DMA_Start                                     build/stm32f4xx_hal_dma.o
HAL_DMA_Start_IT                                  build/stm32f4xx_hal_dma.o
                                                  build/stm32f4xx_hal_spi.o
                                                  build/stm32f4xx_hal_i2c.o
                                                  build/stm32f4xx_hal_uart.o
                                                  build/stm32f4xx_hal_tim_ex.o
                                                  build/stm32f4xx_hal_tim.o
                                                  build/stm32f4xx_hal_dac.o
                                                  build/stm32f4xx_hal_adc_ex.o
                                                  build/stm32f4xx_hal_adc.o
HAL_DMA_UnRegisterCallback                        build/stm32f4xx_hal_dma.o
HAL_DeInit                                        build/stm32f4xx_hal.o
HAL_Delay                                         build/stm32f4xx_hal.o
                                                  build/main.o
HAL_DisableCompensationCell                       build/stm32f4xx_hal.o
HAL_DisableMemorySwappingBank                     build/stm32f4xx_hal.o
HAL_EXTI_ClearConfigLine                          build/stm32f4xx_hal_exti.o
HAL_EXTI_ClearPending                             build/stm32f4xx_hal_exti.o
HAL_EXTI_GenerateSWI                              build/stm32f4xx_hal_exti.o
HAL_EXTI_GetConfigLine                            build/stm32f4xx_hal_exti.o
HAL_EXTI_GetHandle                                build/stm32f4xx_hal_exti.o
HAL_EXTI_GetPending                               build/stm32f4xx_hal_exti.o
HAL_EXTI_IRQHandler                               build/stm32f4xx_hal_exti.o
HAL_EXTI_RegisterCallback                         build/stm32f4xx_hal_exti.o
HAL_EXTI_SetConfigLine                            build/stm32f4xx_hal_exti.o
HAL_EnableCompensationCell                        build/stm32f4xx_hal.o
HAL_EnableMemorySwappingBank                      build/stm32f4xx_hal.o
HAL_FLASHEx_AdvOBGetConfig                        build/stm32f4xx_hal_flash_ex.o
HAL_FLASHEx_AdvOBProgram                          build/stm32f4xx_hal_flash_ex.o
HAL_FLASHEx_Erase                                 build/stm32f4xx_hal_flash_ex.o
HAL_FLASHEx_Erase_IT                              build/stm32f4xx_hal_flash_ex.o
HAL_FLASHEx_OBGetConfig                           build/stm32f4xx_hal_flash_ex.o
HAL_FLASHEx_OBProgram                             build/stm32f4xx_hal_flash_ex.o
HAL_FLASHEx_OB_DeSelectPCROP                      build/stm32f4xx_hal_flash_ex.o
HAL_FLASHEx_OB_GetBank2WRP                        build/stm32f4xx_hal_flash_ex.o
HAL_FLASHEx_OB_SelectPCROP                        build/stm32f4xx_hal_flash_ex.o
HAL_FLASH_EndOfOperationCallback                  build/stm32f4xx_hal_flash.o
HAL_FLASH_GetError                                build/stm32f4xx_hal_flash.o
HAL_FLASH_IRQHandler                              build/stm32f4xx_hal_flash.o
HAL_FLASH_Lock                                    build/stm32f4xx_hal_flash.o
HAL_FLASH_OB_Launch                               build/stm32f4xx_hal_flash.o
HAL_FLASH_OB_Lock                                 build/stm32f4xx_hal_flash.o
HAL_FLASH_OB_Unlock                               build/stm32f4xx_hal_flash.o
HAL_FLASH_OperationErrorCallback                  build/stm32f4xx_hal_flash.o
HAL_FLASH_Program                                 build/stm32f4xx_hal_flash.o
HAL_FLASH_Program_IT                              build/stm32f4xx_hal_flash.o
HAL_FLASH_Unlock                                  build/stm32f4xx_hal_flash.o
HAL_GPIO_DeInit                                   build/stm32f4xx_hal_gpio.o
                                                  build/stm32f4xx_hal_msp.o
HAL_GPIO_EXTI_Callback                            build/stm32f4xx_hal_gpio.o
HAL_GPIO_EXTI_IRQHandler                          build/stm32f4xx_hal_gpio.o
HAL_GPIO_Init                                     build/stm32f4xx_hal_gpio.o
                                                  build/stm32f4xx_hal_rcc.o
                                                  build/stm32f4xx_hal_msp.o
HAL_GPIO_LockPin                                  build/stm32f4xx_hal_gpio.o
HAL_GPIO_ReadPin                                  build/stm32f4xx_hal_gpio.o
HAL_GPIO_TogglePin                                build/stm32f4xx_hal_gpio.o
HAL_GPIO_WritePin                                 build/stm32f4xx_hal_gpio.o
HAL_GetDEVID                                      build/stm32f4xx_hal.o
HAL_GetHalVersion                                 build/stm32f4xx_hal.o
HAL_GetREVID                                      build/stm32f4xx_hal.o
HAL_GetTick                                       build/stm32f4xx_hal.o
                                                  build/stm32f4xx_hal_spi.o
                                                  build/stm32f4xx_hal_i2c.o
                                                  build/stm32f4xx_hal_uart.o
                                                  build/stm32f4xx_hal_pwr_ex.o
                                                  build/stm32f4xx_hal_dma.o
                                                  build/stm32f4xx_hal_flash.o
                                                  build/stm32f4xx_hal_rcc_ex.o
                                                  build/stm32f4xx_hal_rcc.o
                                                  build/stm32f4xx_hal_adc_ex.o
                                                  build/stm32f4xx_hal_adc.o
HAL_GetTickFreq                                   build/stm32f4xx_hal.o
HAL_GetTickPrio                                   build/stm32f4xx_hal.o
HAL_GetUIDw0                                      build/stm32f4xx_hal.o
HAL_GetUIDw1                                      build/stm32f4xx_hal.o
HAL_GetUIDw2                                      build/stm32f4xx_hal.o
HAL_HalfDuplex_EnableReceiver                     build/stm32f4xx_hal_uart.o
HAL_HalfDuplex_EnableTransmitter                  build/stm32f4xx_hal_uart.o
HAL_HalfDuplex_Init                               build/stm32f4xx_hal_uart.o
HAL_I2CEx_ConfigAnalogFilter                      build/stm32f4xx_hal_i2c_ex.o
                                                  build/main.o
HAL_I2CEx_ConfigDigitalFilter                     build/stm32f4xx_hal_i2c_ex.o
                                                  build/main.o
HAL_I2C_AbortCpltCallback                         build/stm32f4xx_hal_i2c.o
HAL_I2C_AddrCallback                              build/stm32f4xx_hal_i2c.o
HAL_I2C_DeInit                                    build/stm32f4xx_hal_i2c.o
HAL_I2C_DisableListen_IT                          build/stm32f4xx_hal_i2c.o
HAL_I2C_ER_IRQHandler                             build/stm32f4xx_hal_i2c.o
HAL_I2C_EV_IRQHandler                             build/stm32f4xx_hal_i2c.o
HAL_I2C_EnableListen_IT                           build/stm32f4xx_hal_i2c.o
HAL_I2C_ErrorCallback                             build/stm32f4xx_hal_i2c.o
HAL_I2C_GetError                                  build/stm32f4xx_hal_i2c.o
HAL_I2C_GetMode                                   build/stm32f4xx_hal_i2c.o
HAL_I2C_GetState                                  build/stm32f4xx_hal_i2c.o
HAL_I2C_Init                                      build/stm32f4xx_hal_i2c.o
                                                  build/main.o
HAL_I2C_IsDeviceReady                             build/stm32f4xx_hal_i2c.o
HAL_I2C_ListenCpltCallback                        build/stm32f4xx_hal_i2c.o
HAL_I2C_MasterRxCpltCallback                      build/stm32f4xx_hal_i2c.o
HAL_I2C_MasterTxCpltCallback                      build/stm32f4xx_hal_i2c.o
HAL_I2C_Master_Abort_IT                           build/stm32f4xx_hal_i2c.o
HAL_I2C_Master_Receive                            build/stm32f4xx_hal_i2c.o
HAL_I2C_Master_Receive_DMA                        build/stm32f4xx_hal_i2c.o
HAL_I2C_Master_Receive_IT                         build/stm32f4xx_hal_i2c.o
HAL_I2C_Master_Seq_Receive_DMA                    build/stm32f4xx_hal_i2c.o
HAL_I2C_Master_Seq_Receive_IT                     build/stm32f4xx_hal_i2c.o
HAL_I2C_Master_Seq_Transmit_DMA                   build/stm32f4xx_hal_i2c.o
HAL_I2C_Master_Seq_Transmit_IT                    build/stm32f4xx_hal_i2c.o
HAL_I2C_Master_Transmit                           build/stm32f4xx_hal_i2c.o
HAL_I2C_Master_Transmit_DMA                       build/stm32f4xx_hal_i2c.o
HAL_I2C_Master_Transmit_IT                        build/stm32f4xx_hal_i2c.o
HAL_I2C_MemRxCpltCallback                         build/stm32f4xx_hal_i2c.o
HAL_I2C_MemTxCpltCallback                         build/stm32f4xx_hal_i2c.o
HAL_I2C_Mem_Read                                  build/stm32f4xx_hal_i2c.o
HAL_I2C_Mem_Read_DMA                              build/stm32f4xx_hal_i2c.o
HAL_I2C_Mem_Read_IT                               build/stm32f4xx_hal_i2c.o
HAL_I2C_Mem_Write                                 build/stm32f4xx_hal_i2c.o
HAL_I2C_Mem_Write_DMA                             build/stm32f4xx_hal_i2c.o
HAL_I2C_Mem_Write_IT                              build/stm32f4xx_hal_i2c.o
HAL_I2C_MspDeInit                                 build/stm32f4xx_hal_msp.o
HAL_I2C_MspInit                                   build/stm32f4xx_hal_msp.o
HAL_I2C_SlaveRxCpltCallback                       build/stm32f4xx_hal_i2c.o
HAL_I2C_SlaveTxCpltCallback                       build/stm32f4xx_hal_i2c.o
HAL_I2C_Slave_Receive                             build/stm32f4xx_hal_i2c.o
HAL_I2C_Slave_Receive_DMA                         build/stm32f4xx_hal_i2c.o
HAL_I2C_Slave_Receive_IT                          build/stm32f4xx_hal_i2c.o
HAL_I2C_Slave_Seq_Receive_DMA                     build/stm32f4xx_hal_i2c.o
HAL_I2C_Slave_Seq_Receive_IT                      build/stm32f4xx_hal_i2c.o
HAL_I2C_Slave_Seq_Transmit_DMA                    build/stm32f4xx_hal_i2c.o
HAL_I2C_Slave_Seq_Transmit_IT                     build/stm32f4xx_hal_i2c.o
HAL_I2C_Slave_Transmit                            build/stm32f4xx_hal_i2c.o
HAL_I2C_Slave_Transmit_DMA                        build/stm32f4xx_hal_i2c.o
HAL_I2C_Slave_Transmit_IT                         build/stm32f4xx_hal_i2c.o
HAL_IncTick                                       build/stm32f4xx_hal.o
                                                  build/stm32f4xx_it.o
HAL_Init                                          build/stm32f4xx_hal.o
                                                  build/main.o
HAL_InitTick                                      build/stm32f4xx_hal.o
                                                  build/stm32f4xx_hal_rcc_ex.o
                                                  build/stm32f4xx_hal_rcc.o
HAL_LIN_Init                                      build/stm32f4xx_hal_uart.o
HAL_LIN_SendBreak                                 build/stm32f4xx_hal_uart.o
HAL_MPU_ConfigRegion                              build/stm32f4xx_hal_cortex.o
HAL_MPU_Disable                                   build/stm32f4xx_hal_cortex.o
HAL_MPU_DisableRegion                             build/stm32f4xx_hal_cortex.o
HAL_MPU_Enable                                    build/stm32f4xx_hal_cortex.o
HAL_MPU_EnableRegion                              build/stm32f4xx_hal_cortex.o
HAL_MspDeInit                                     build/stm32f4xx_hal.o
HAL_MspInit                                       build/stm32f4xx_hal_msp.o
HAL_MultiProcessor_EnterMuteMode                  build/stm32f4xx_hal_uart.o
HAL_MultiProcessor_ExitMuteMode                   build/stm32f4xx_hal_uart.o
HAL_MultiProcessor_Init                           build/stm32f4xx_hal_uart.o
HAL_NVIC_ClearPendingIRQ                          build/stm32f4xx_hal_cortex.o
HAL_NVIC_DisableIRQ                               build/stm32f4xx_hal_cortex.o
HAL_NVIC_EnableIRQ                                build/stm32f4xx_hal_cortex.o
                                                  build/main.o
HAL_NVIC_GetActive                                build/stm32f4xx_hal_cortex.o
HAL_NVIC_GetPendingIRQ                            build/stm32f4xx_hal_cortex.o
HAL_NVIC_GetPriority                              build/stm32f4xx_hal_cortex.o
HAL_NVIC_GetPriorityGrouping                      build/stm32f4xx_hal_cortex.o
HAL_NVIC_SetPendingIRQ                            build/stm32f4xx_hal_cortex.o
HAL_NVIC_SetPriority                              build/stm32f4xx_hal_cortex.o
                                                  build/stm32f4xx_hal.o
                                                  build/main.o
HAL_NVIC_SetPriorityGrouping                      build/stm32f4xx_hal_cortex.o
                                                  build/stm32f4xx_hal.o
                                                  build/stm32f4xx_hal_msp.o
HAL_NVIC_SystemReset                              build/stm32f4xx_hal_cortex.o
HAL_PWREx_ControlVoltageScaling                   build/stm32f4xx_hal_pwr_ex.o
HAL_PWREx_DisableBkUpReg                          build/stm32f4xx_hal_pwr_ex.o
HAL_PWREx_DisableFlashPowerDown                   build/stm32f4xx_hal_pwr_ex.o
HAL_PWREx_DisableOverDrive                        build/stm32f4xx_hal_pwr_ex.o
HAL_PWREx_EnableBkUpReg                           build/stm32f4xx_hal_pwr_ex.o
HAL_PWREx_EnableFlashPowerDown                    build/stm32f4xx_hal_pwr_ex.o
HAL_PWREx_EnableOverDrive                         build/stm32f4xx_hal_pwr_ex.o
HAL_PWREx_EnterUnderDriveSTOPMode                 build/stm32f4xx_hal_pwr_ex.o
HAL_PWREx_GetVoltageRange                         build/stm32f4xx_hal_pwr_ex.o
HAL_PWR_ConfigPVD                                 build/stm32f4xx_hal_pwr.o
HAL_PWR_DeInit                                    build/stm32f4xx_hal_pwr.o
HAL_PWR_DisableBkUpAccess                         build/stm32f4xx_hal_pwr.o
HAL_PWR_DisablePVD                                build/stm32f4xx_hal_pwr.o
HAL_PWR_DisableSEVOnPend                          build/stm32f4xx_hal_pwr.o
HAL_PWR_DisableSleepOnExit                        build/stm32f4xx_hal_pwr.o
HAL_PWR_DisableWakeUpPin                          build/stm32f4xx_hal_pwr.o
HAL_PWR_EnableBkUpAccess                          build/stm32f4xx_hal_pwr.o
HAL_PWR_EnablePVD                                 build/stm32f4xx_hal_pwr.o
HAL_PWR_EnableSEVOnPend                           build/stm32f4xx_hal_pwr.o
HAL_PWR_EnableSleepOnExit                         build/stm32f4xx_hal_pwr.o
HAL_PWR_EnableWakeUpPin                           build/stm32f4xx_hal_pwr.o
HAL_PWR_EnterSLEEPMode                            build/stm32f4xx_hal_pwr.o
HAL_PWR_EnterSTANDBYMode                          build/stm32f4xx_hal_pwr.o
HAL_PWR_EnterSTOPMode                             build/stm32f4xx_hal_pwr.o
HAL_PWR_PVDCallback                               build/stm32f4xx_hal_pwr.o
HAL_PWR_PVD_IRQHandler                            build/stm32f4xx_hal_pwr.o
HAL_RCCEx_DisablePLLI2S                           build/stm32f4xx_hal_rcc_ex.o
HAL_RCCEx_DisablePLLSAI                           build/stm32f4xx_hal_rcc_ex.o
HAL_RCCEx_EnablePLLI2S                            build/stm32f4xx_hal_rcc_ex.o
HAL_RCCEx_EnablePLLSAI                            build/stm32f4xx_hal_rcc_ex.o
HAL_RCCEx_GetPeriphCLKConfig                      build/stm32f4xx_hal_rcc_ex.o
HAL_RCCEx_GetPeriphCLKFreq                        build/stm32f4xx_hal_rcc_ex.o
HAL_RCCEx_PeriphCLKConfig                         build/stm32f4xx_hal_rcc_ex.o
HAL_RCC_CSSCallback                               build/stm32f4xx_hal_rcc.o
HAL_RCC_ClockConfig                               build/stm32f4xx_hal_rcc.o
                                                  build/main.o
HAL_RCC_DeInit                                    build/stm32f4xx_hal_rcc_ex.o
                                                  build/stm32f4xx_hal_rcc.o
HAL_RCC_DisableCSS                                build/stm32f4xx_hal_rcc.o
HAL_RCC_EnableCSS                                 build/stm32f4xx_hal_rcc.o
HAL_RCC_GetClockConfig                            build/stm32f4xx_hal_rcc.o
HAL_RCC_GetHCLKFreq                               build/stm32f4xx_hal_rcc.o
HAL_RCC_GetOscConfig                              build/stm32f4xx_hal_rcc.o